Component: ARM Compiler 6.11 Tool: armlink [5d3b3900]

==============================================================================

Memory Map of the image

  Image Entry point : 0x08000189

  Load Region LR_IROM1 (Base: 0x08000000, Size: 0x00019e70, Max: 0x00100000, ABSOLUTE, COMPRESSED[0x00019d64])

    Execution Region ER_IROM1 (Base: 0x08000000, Size: 0x00019cec, Max: 0x00100000, ABSOLUTE)

    Base Addr    Size         Type   Attr      Idx    E Section Name        Object

    0x08000000   0x00000188   Data   RO        20893    RESET               BUILD/RHOMBIO_L476DMW1K/ARM/mbed-os/targets/TARGET_STM/TARGET_STM32L4/TARGET_STM32L476xG/device/TOOLCHAIN_ARM_STD/startup_stm32l476xx.o
    0x08000188   0x00000008   Code   RO        25858  * !!!main             C:/Keil_v5/ARM/ARMCCv611/lib\armlib\c_w.l(__main.o)
    0x08000190   0x00000034   Code   RO        26500    !!!scatter          C:/Keil_v5/ARM/ARMCCv611/lib\armlib\c_w.l(__scatter.o)
    0x080001c4   0x0000003a   Code   RO        26498    !!dczerorl          C:/Keil_v5/ARM/ARMCCv611/lib\armlib\c_w.l(__dczerorl.o)
    0x080001fe   0x00000002   PAD
    0x08000200   0x0000001c   Code   RO        26502    !!handler_zi        C:/Keil_v5/ARM/ARMCCv611/lib\armlib\c_w.l(__scatter_zi.o)
    0x0800021c   0x00000000   Code   RO        25729    .ARM.Collect$$_printf_percent$$00000000  C:/Keil_v5/ARM/ARMCCv611/lib\armlib\c_w.l(_printf_percent.o)
    0x0800021c   0x00000006   Code   RO        26057    .ARM.Collect$$_printf_percent$$00000001  C:/Keil_v5/ARM/ARMCCv611/lib\armlib\c_w.l(_printf_n.o)
    0x08000222   0x00000006   Code   RO        25724    .ARM.Collect$$_printf_percent$$00000002  C:/Keil_v5/ARM/ARMCCv611/lib\armlib\c_w.l(_printf_p.o)
    0x08000228   0x00000006   Code   RO        25728    .ARM.Collect$$_printf_percent$$00000003  C:/Keil_v5/ARM/ARMCCv611/lib\armlib\c_w.l(_printf_f.o)
    0x0800022e   0x00000006   Code   RO        26059    .ARM.Collect$$_printf_percent$$00000004  C:/Keil_v5/ARM/ARMCCv611/lib\armlib\c_w.l(_printf_e.o)
    0x08000234   0x00000006   Code   RO        26060    .ARM.Collect$$_printf_percent$$00000005  C:/Keil_v5/ARM/ARMCCv611/lib\armlib\c_w.l(_printf_g.o)
    0x0800023a   0x00000006   Code   RO        26061    .ARM.Collect$$_printf_percent$$00000006  C:/Keil_v5/ARM/ARMCCv611/lib\armlib\c_w.l(_printf_a.o)
    0x08000240   0x0000000a   Code   RO        26066    .ARM.Collect$$_printf_percent$$00000007  C:/Keil_v5/ARM/ARMCCv611/lib\armlib\c_w.l(_printf_ll.o)
    0x0800024a   0x00000006   Code   RO        25725    .ARM.Collect$$_printf_percent$$00000008  C:/Keil_v5/ARM/ARMCCv611/lib\armlib\c_w.l(_printf_i.o)
    0x08000250   0x00000006   Code   RO        25726    .ARM.Collect$$_printf_percent$$00000009  C:/Keil_v5/ARM/ARMCCv611/lib\armlib\c_w.l(_printf_d.o)
    0x08000256   0x00000006   Code   RO        25727    .ARM.Collect$$_printf_percent$$0000000A  C:/Keil_v5/ARM/ARMCCv611/lib\armlib\c_w.l(_printf_u.o)
    0x0800025c   0x00000006   Code   RO        26058    .ARM.Collect$$_printf_percent$$0000000B  C:/Keil_v5/ARM/ARMCCv611/lib\armlib\c_w.l(_printf_o.o)
    0x08000262   0x00000006   Code   RO        25723    .ARM.Collect$$_printf_percent$$0000000C  C:/Keil_v5/ARM/ARMCCv611/lib\armlib\c_w.l(_printf_x.o)
    0x08000268   0x00000006   Code   RO        26063    .ARM.Collect$$_printf_percent$$0000000D  C:/Keil_v5/ARM/ARMCCv611/lib\armlib\c_w.l(_printf_lli.o)
    0x0800026e   0x00000006   Code   RO        26064    .ARM.Collect$$_printf_percent$$0000000E  C:/Keil_v5/ARM/ARMCCv611/lib\armlib\c_w.l(_printf_lld.o)
    0x08000274   0x00000006   Code   RO        26065    .ARM.Collect$$_printf_percent$$0000000F  C:/Keil_v5/ARM/ARMCCv611/lib\armlib\c_w.l(_printf_llu.o)
    0x0800027a   0x00000006   Code   RO        26070    .ARM.Collect$$_printf_percent$$00000010  C:/Keil_v5/ARM/ARMCCv611/lib\armlib\c_w.l(_printf_llo.o)
    0x08000280   0x00000006   Code   RO        26071    .ARM.Collect$$_printf_percent$$00000011  C:/Keil_v5/ARM/ARMCCv611/lib\armlib\c_w.l(_printf_llx.o)
    0x08000286   0x0000000a   Code   RO        26067    .ARM.Collect$$_printf_percent$$00000012  C:/Keil_v5/ARM/ARMCCv611/lib\armlib\c_w.l(_printf_l.o)
    0x08000290   0x00000006   Code   RO        25721    .ARM.Collect$$_printf_percent$$00000013  C:/Keil_v5/ARM/ARMCCv611/lib\armlib\c_w.l(_printf_c.o)
    0x08000296   0x00000006   Code   RO        25722    .ARM.Collect$$_printf_percent$$00000014  C:/Keil_v5/ARM/ARMCCv611/lib\armlib\c_w.l(_printf_s.o)
    0x0800029c   0x00000006   Code   RO        26068    .ARM.Collect$$_printf_percent$$00000015  C:/Keil_v5/ARM/ARMCCv611/lib\armlib\c_w.l(_printf_lc.o)
    0x080002a2   0x00000006   Code   RO        26069    .ARM.Collect$$_printf_percent$$00000016  C:/Keil_v5/ARM/ARMCCv611/lib\armlib\c_w.l(_printf_ls.o)
    0x080002a8   0x00000004   Code   RO        26062    .ARM.Collect$$_printf_percent$$00000017  C:/Keil_v5/ARM/ARMCCv611/lib\armlib\c_w.l(_printf_percent_end.o)
[...]
    0x08010bb4   0x00000004   Code   RO         2439    .text._ZNK4mbed15CellularContext7get_cidEv  BUILD/RHOMBIO_L476DMW1K/ARM/mbed-os/features/cellular/framework/device/CellularContext.o
    0x08010bb8   0x00000004   Code   RO         2093    .text._ZNK4mbed17AT_CellularDevice14get_send_delayEv  BUILD/RHOMBIO_L476DMW1K/ARM/mbed-os/features/cellular/framework/AT/AT_CellularDevice.o
    0x08010bbc   0x00000006   Code   RO         2063    .text._ZNK4mbed17AT_CellularDevice16get_context_listEv  BUILD/RHOMBIO_L476DMW1K/ARM/mbed-os/features/cellular/framework/AT/AT_CellularDevice.o
    0x08010bc2   0x00000006   Code   RO         1903    .text._ZNK4mbed18AT_CellularContext21get_connection_statusEv  BUILD/RHOMBIO_L476DMW1K/ARM/mbed-os/features/cellular/framework/AT/AT_CellularContext.o
    0x08010bc8   0x00000018   Code   RO         1905    .text._ZNK4mbed18AT_CellularContext25get_timeout_for_operationENS_15CellularContext16ContextOperationE  BUILD/RHOMBIO_L476DMW1K/ARM/mbed-os/features/cellular/framework/AT/AT_CellularContext.o
    0x08010be0   0x00000028   Code   RO         2592    .text._ZNK4mbed20CellularStateMachine23get_retry_timeout_arrayEPtRi  BUILD/RHOMBIO_L476DMW1K/ARM/mbed-os/features/cellular/framework/device/CellularStateMachine.o
    0x08010c08   0x0000004e   Code   RO        16781    .text._ZNK4mbed8CallbackIFiiNS0_IFvvEEEEE14method_contextI12NetworkStackMS6_FiiS2_EEclEiS2_  BUILD/RHOMBIO_L476DMW1K/ARM/mbed-os/features/netsocket/NetworkStack.o
    0x08010c56   0x0000005c   Code   RO        17144    .text._ZNK4mbed8CallbackIFiiNS0_IFvvEEEEE4callEiS2_  BUILD/RHOMBIO_L476DMW1K/ARM/mbed-os/features/netsocket/nsapi_dns.o
    0x08010cb2   0x00000040   Code   RO        17146    .text._ZNK4mbed8CallbackIFiiNS0_IFvvEEEEEclEiS2_  BUILD/RHOMBIO_L476DMW1K/ARM/mbed-os/features/netsocket/nsapi_dns.o
    0x08010cf2   0x00000004   Code   RO         1793    .text._ZNK4mbed9ATHandler14get_last_errorEv  BUILD/RHOMBIO_L476DMW1K/ARM/mbed-os/features/cellular/framework/AT/ATHandler.o
    0x08010cf6   0x00000006   Code   RO         1705    .text._ZNK4mbed9ATHandler9get_debugEv  BUILD/RHOMBIO_L476DMW1K/ARM/mbed-os/features/cellular/framework/AT/ATHandler.o
    0x08010cfc   0x00000084   Code   RO        20827    .text._ZNK4rtos6Thread9get_stateEv  BUILD/RHOMBIO_L476DMW1K/ARM/mbed-os/rtos/Thread.o
    0x08010d80   0x0000000c   Code   RO         1523    .text._ZThn76_N4mbed10UARTSerial12enable_inputEb  BUILD/RHOMBIO_L476DMW1K/ARM/mbed-os/drivers/UARTSerial.o
    0x08010d8c   0x00000008   Code   RO         1544    .text._ZThn76_N4mbed10UARTSerial12set_blockingEb  BUILD/RHOMBIO_L476DMW1K/ARM/mbed-os/drivers/UARTSerial.o
    0x08010d94   0x0000000c   Code   RO         1527    .text._ZThn76_N4mbed10UARTSerial13enable_outputEb  BUILD/RHOMBIO_L476DMW1K/ARM/mbed-os/drivers/UARTSerial.o
    0x08010da0   0x00000006   Code   RO         1501    .text._ZThn76_N4mbed10UARTSerial4readEPvj  BUILD/RHOMBIO_L476DMW1K/ARM/mbed-os/drivers/UARTSerial.o
    0x08010da6   0x00000006   Code   RO         1475    .text._ZThn76_N4mbed10UARTSerial4seekEli  BUILD/RHOMBIO_L476DMW1K/ARM/mbed-os/drivers/UARTSerial.o
    0x08010dac   0x0000000c   Code   RO         1481    .text._ZThn76_N4mbed10UARTSerial4syncEv  BUILD/RHOMBIO_L476DMW1K/ARM/mbed-os/drivers/UARTSerial.o
    0x08010db8   0x00000004   Code   RO         1467    .text._ZThn76_N4mbed10UARTSerial5closeEv  BUILD/RHOMBIO_L476DMW1K/ARM/mbed-os/drivers/UARTSerial.o
    0x08010dbc   0x00000006   Code   RO         1485    .text._ZThn76_N4mbed10UARTSerial5sigioENS_8CallbackIFvvEEE  BUILD/RHOMBIO_L476DMW1K/ARM/mbed-os/drivers/UARTSerial.o
    0x08010dc2   0x00000006   Code   RO         1495    .text._ZThn76_N4mbed10UARTSerial5writeEPKvj  BUILD/RHOMBIO_L476DMW1K/ARM/mbed-os/drivers/UARTSerial.o
    0x08010dc8   0x00000004   Code   RO         1471    .text._ZThn76_N4mbed10UARTSerial6isattyEv  BUILD/RHOMBIO_L476DMW1K/ARM/mbed-os/drivers/UARTSerial.o
    0x08010dcc   0x00000010   Code   RO         1451    .text._ZThn76_N4mbed10UARTSerialD0Ev  BUILD/RHOMBIO_L476DMW1K/ARM/mbed-os/drivers/UARTSerial.o
    0x08010ddc   0x00000006   Code   RO         1447    .text._ZThn76_N4mbed10UARTSerialD1Ev  BUILD/RHOMBIO_L476DMW1K/ARM/mbed-os/drivers/UARTSerial.o
    0x08010de2   0x00000006   Code   RO         1546    .text._ZThn76_NK4mbed10UARTSerial11is_blockingEv  BUILD/RHOMBIO_L476DMW1K/ARM/mbed-os/drivers/UARTSerial.o
    0x08010de8   0x00000008   Code   RO         1507    .text._ZThn76_NK4mbed10UARTSerial4pollEs  BUILD/RHOMBIO_L476DMW1K/ARM/mbed-os/drivers/UARTSerial.o
    0x08010df0   0x00000004   Code   RO        19934    .text._ZdaPv        BUILD/RHOMBIO_L476DMW1K/ARM/mbed-os/platform/mbed_retarget.o
    0x08010df4   0x00000004   Code   RO        19930    .text._ZdlPv        BUILD/RHOMBIO_L476DMW1K/ARM/mbed-os/platform/mbed_retarget.o
    0x08010df8   0x00000042   Code   RO        16819    .text._ZeqRK13SocketAddressS1_  BUILD/RHOMBIO_L476DMW1K/ARM/mbed-os/features/netsocket/SocketAddress.o
    0x08010e3a   0x00000002   PAD
    0x08010e3c   0x00000048   Code   RO        19924    .text._Znaj         BUILD/RHOMBIO_L476DMW1K/ARM/mbed-os/platform/mbed_retarget.o
    0x08010e84   0x00000004   Code   RO        19928    .text._ZnajRKSt9nothrow_t  BUILD/RHOMBIO_L476DMW1K/ARM/mbed-os/platform/mbed_retarget.o
    0x08010e88   0x0000000c   Code   RO        16821    .text._ZneRK13SocketAddressS1_  BUILD/RHOMBIO_L476DMW1K/ARM/mbed-os/features/netsocket/SocketAddress.o
    0x08010e94   0x00000048   Code   RO        19922    .text._Znwj         BUILD/RHOMBIO_L476DMW1K/ARM/mbed-os/platform/mbed_retarget.o
    0x08010edc   0x00000004   Code   RO        19926    .text._ZnwjRKSt9nothrow_t  BUILD/RHOMBIO_L476DMW1K/ARM/mbed-os/platform/mbed_retarget.o
    0x08010ee0   0x00000004   Code   RO        19896    .text.__cxa_atexit  BUILD/RHOMBIO_L476DMW1K/ARM/mbed-os/platform/mbed_retarget.o
    0x08010ee4   0x00000078   Code   RO        19916    .text.__cxa_guard_acquire  BUILD/RHOMBIO_L476DMW1K/ARM/mbed-os/platform/mbed_retarget.o
    0x08010f5c   0x00000040   Code   RO        19918    .text.__cxa_guard_release  BUILD/RHOMBIO_L476DMW1K/ARM/mbed-os/platform/mbed_retarget.o
    0x08010f9c   0x00000028   Code   RO        25951    .text.__cxa_pure_virtual  C:/Keil_v5/ARM/ARMCCv611/lib\libcxx\libcppabi_w.l(cxa_virtual.cpp.o)
    0x08010fc4   0x0000004e   Code   RO        20163    .text.__rt_entry    BUILD/RHOMBIO_L476DMW1K/ARM/mbed-os/rtos/TARGET_CORTEX/TOOLCHAIN_ARM_STD/mbed_boot_arm_std.o
    0x08011012   0x00000002   PAD
    0x08011014   0x0000006a   Code   RO        20167    .text.__user_perthread_libspace  BUILD/RHOMBIO_L476DMW1K/ARM/mbed-os/rtos/TARGET_CORTEX/TOOLCHAIN_ARM_STD/mbed_boot_arm_std.o
    0x0801107e   0x00000034   Code   RO        20171    .text._mutex_acquire  BUILD/RHOMBIO_L476DMW1K/ARM/mbed-os/rtos/TARGET_CORTEX/TOOLCHAIN_ARM_STD/mbed_boot_arm_std.o
    0x080110b2   0x00000002   PAD
    0x080110b4   0x00000040   Code   RO        20175    .text._mutex_free   BUILD/RHOMBIO_L476DMW1K/ARM/mbed-os/rtos/TARGET_CORTEX/TOOLCHAIN_ARM_STD/mbed_boot_arm_std.o
    0x080110f4   0x000000a4   Code   RO        20169    .text._mutex_initialize  BUILD/RHOMBIO_L476DMW1K/ARM/mbed-os/rtos/TARGET_CORTEX/TOOLCHAIN_ARM_STD/mbed_boot_arm_std.o
    0x08011198   0x00000030   Code   RO        20173    .text._mutex_release  BUILD/RHOMBIO_L476DMW1K/ARM/mbed-os/rtos/TARGET_CORTEX/TOOLCHAIN_ARM_STD/mbed_boot_arm_std.o
    0x080111c8   0x00000004   Code   RO        20425    .text._platform_post_stackheap_init  BUILD/RHOMBIO_L476DMW1K/ARM/mbed-os/rtos/TARGET_CORTEX/rtx5/RTX/Source/rtx_lib.o
    0x080111cc   0x00000004   Code   RO        19822    .text._sys_close    BUILD/RHOMBIO_L476DMW1K/ARM/mbed-os/platform/mbed_retarget.o
    0x080111d0   0x00000002   Code   RO        19830    .text._sys_exit     BUILD/RHOMBIO_L476DMW1K/ARM/mbed-os/platform/mbed_retarget.o
    0x080111d2   0x00000028   Code   RO        19850    .text._sys_flen     BUILD/RHOMBIO_L476DMW1K/ARM/mbed-os/platform/mbed_retarget.o
    0x080111fa   0x00000004   Code   RO        19838    .text._sys_istty    BUILD/RHOMBIO_L476DMW1K/ARM/mbed-os/platform/mbed_retarget.o
    0x080111fe   0x0000008c   Code   RO        19818    .text._sys_open     BUILD/RHOMBIO_L476DMW1K/ARM/mbed-os/platform/mbed_retarget.o
    0x0801128a   0x00000006   Code   RO        19840    .text._sys_seek     BUILD/RHOMBIO_L476DMW1K/ARM/mbed-os/platform/mbed_retarget.o
    0x08011290   0x00000138   Code   RO        19826    .text._sys_write    BUILD/RHOMBIO_L476DMW1K/ARM/mbed-os/platform/mbed_retarget.o
    0x080113c8   0x00000018   Code   RO        19832    .text._ttywrch      BUILD/RHOMBIO_L476DMW1K/ARM/mbed-os/platform/mbed_retarget.o
    0x080113e0   0x00000016   Code   RO        20037    .text._wait_us_ticks  BUILD/RHOMBIO_L476DMW1K/ARM/mbed-os/platform/mbed_wait_api_no_rtos.o
    0x080113f6   0x00000004   Code   RO        26198    .text.abort_message  C:/Keil_v5/ARM/ARMCCv611/lib\libcxx\libcppabi_w.l(abort_message.cpp.o)
    0x080113fa   0x00000002   Code   RO         8575    .text.arm_random_module_init  BUILD/RHOMBIO_L476DMW1K/ARM/mbed-os/features/nanostack/nanostack-hal-mbed-cmsis-rtos/arm_hal_random.o
    0x080113fc   0x00000026   Code   RO         8577    .text.arm_random_seed_get  BUILD/RHOMBIO_L476DMW1K/ARM/mbed-os/features/nanostack/nanostack-hal-mbed-cmsis-rtos/arm_hal_random.o
    0x08011422   0x00000002   Code   RO        19326    .text.block_us_ticker_free  BUILD/RHOMBIO_L476DMW1K/ARM/mbed-os/hal/mbed_us_ticker_api.o
    0x08011424   0x0000012c   Code   RO        24151    .text.can_irq       BUILD/RHOMBIO_L476DMW1K/ARM/mbed-os/targets/TARGET_STM/can_api.o
    0x08011550   0x0000003e   Code   RO        19824    .text.close         BUILD/RHOMBIO_L476DMW1K/ARM/mbed-os/platform/mbed_retarget.o
    0x0801158e   0x0000000a   Code   RO         3742    .text.common_write_16_bit  BUILD/RHOMBIO_L476DMW1K/ARM/mbed-os/features/frameworks/nanostack-libservice/source/libBits/common_functions.o
    0x08011598   0x0000000c   Code   RO        19674    .text.core_util_are_interrupts_enabled  BUILD/RHOMBIO_L476DMW1K/ARM/mbed-os/platform/mbed_critical.o
    0x080115a4   0x0000007c   Code   RO        19680    .text.core_util_critical_section_enter  BUILD/RHOMBIO_L476DMW1K/ARM/mbed-os/platform/mbed_critical.o
    0x08011620   0x00000018   Code   RO        19682    .text.core_util_critical_section_exit  BUILD/RHOMBIO_L476DMW1K/ARM/mbed-os/platform/mbed_critical.o
    0x08011638   0x00000004   Code   RO        19678    .text.core_util_in_critical_section  BUILD/RHOMBIO_L476DMW1K/ARM/mbed-os/platform/mbed_critical.o
    0x0801163c   0x0000000c   Code   RO        19676    .text.core_util_is_isr_active  BUILD/RHOMBIO_L476DMW1K/ARM/mbed-os/platform/mbed_critical.o
    0x08011648   0x00000054   Code   RO        24447    .text.debug         BUILD/RHOMBIO_L476DMW1K/ARM/mbed-os/targets/TARGET_STM/serial_api.o
    0x0801169c   0x00000088   Code   RO         1603    .text.equeue_alloc  BUILD/RHOMBIO_L476DMW1K/ARM/mbed-os/events/equeue/equeue.o
    0x08011724   0x00000024   Code   RO         1615    .text.equeue_break  BUILD/RHOMBIO_L476DMW1K/ARM/mbed-os/events/equeue/equeue.o
    0x08011748   0x000000b4   Code   RO         1611    .text.equeue_cancel  BUILD/RHOMBIO_L476DMW1K/ARM/mbed-os/events/equeue/equeue.o
    0x080117fc   0x00000024   Code   RO         1597    .text.equeue_create  BUILD/RHOMBIO_L476DMW1K/ARM/mbed-os/events/equeue/equeue.o
    0x08011820   0x00000068   Code   RO         1599    .text.equeue_create_inplace  BUILD/RHOMBIO_L476DMW1K/ARM/mbed-os/events/equeue/equeue.o
    0x08011888   0x00000072   Code   RO         1605    .text.equeue_dealloc  BUILD/RHOMBIO_L476DMW1K/ARM/mbed-os/events/equeue/equeue.o
    0x080118fa   0x00000002   PAD
    0x080118fc   0x0000005a   Code   RO         1601    .text.equeue_destroy  BUILD/RHOMBIO_L476DMW1K/ARM/mbed-os/events/equeue/equeue.o
    0x08011956   0x00000002   PAD
    0x08011958   0x0000019c   Code   RO         1617    .text.equeue_dispatch  BUILD/RHOMBIO_L476DMW1K/ARM/mbed-os/events/equeue/equeue.o
    0x08011af4   0x000000c8   Code   RO         1609    .text.equeue_enqueue  BUILD/RHOMBIO_L476DMW1K/ARM/mbed-os/events/equeue/equeue.o
    0x08011bbc   0x00000006   Code   RO         1619    .text.equeue_event_delay  BUILD/RHOMBIO_L476DMW1K/ARM/mbed-os/events/equeue/equeue.o
    0x08011bc2   0x00000006   Code   RO         1623    .text.equeue_event_dtor  BUILD/RHOMBIO_L476DMW1K/ARM/mbed-os/events/equeue/equeue.o
    0x08011bc8   0x00000004   Code   RO         1644    .text.equeue_mutex_create  BUILD/RHOMBIO_L476DMW1K/ARM/mbed-os/events/equeue/equeue_mbed.o
    0x08011bcc   0x00000002   Code   RO         1646    .text.equeue_mutex_destroy  BUILD/RHOMBIO_L476DMW1K/ARM/mbed-os/events/equeue/equeue_mbed.o
    0x08011bce   0x00000004   Code   RO         1648    .text.equeue_mutex_lock  BUILD/RHOMBIO_L476DMW1K/ARM/mbed-os/events/equeue/equeue_mbed.o
    0x08011bd2   0x00000004   Code   RO         1650    .text.equeue_mutex_unlock  BUILD/RHOMBIO_L476DMW1K/ARM/mbed-os/events/equeue/equeue_mbed.o
    0x08011bd6   0x00000034   Code   RO         1607    .text.equeue_post   BUILD/RHOMBIO_L476DMW1K/ARM/mbed-os/events/equeue/equeue.o
    0x08011c0a   0x0000002a   Code   RO         1652    .text.equeue_sema_create  BUILD/RHOMBIO_L476DMW1K/ARM/mbed-os/events/equeue/equeue_mbed.o
    0x08011c34   0x00000006   Code   RO         1654    .text.equeue_sema_destroy  BUILD/RHOMBIO_L476DMW1K/ARM/mbed-os/events/equeue/equeue_mbed.o
    0x08011c3a   0x00000008   Code   RO         1656    .text.equeue_sema_signal  BUILD/RHOMBIO_L476DMW1K/ARM/mbed-os/events/equeue/equeue_mbed.o
    0x08011c42   0x0000001a   Code   RO         1658    .text.equeue_sema_wait  BUILD/RHOMBIO_L476DMW1K/ARM/mbed-os/events/equeue/equeue_mbed.o
    0x08011c5c   0x00000004   Code   RO         1642    .text.equeue_tick   BUILD/RHOMBIO_L476DMW1K/ARM/mbed-os/events/equeue/equeue_mbed.o
    0x08011c60   0x0000006c   Code   RO        19686    .text.error         BUILD/RHOMBIO_L476DMW1K/ARM/mbed-os/platform/mbed_error.o
    0x08011ccc   0x0000001c   Code   RO        20234    .text.error_msg     BUILD/RHOMBIO_L476DMW1K/ARM/mbed-os/rtos/TARGET_CORTEX/mbed_rtx_handlers.o
    0x08011ce8   0x0000002e   Code   RO        19892    .text.exit          BUILD/RHOMBIO_L476DMW1K/ARM/mbed-os/platform/mbed_retarget.o
    0x08011d16   0x0000002a   Code   RO        19848    .text.fsync         BUILD/RHOMBIO_L476DMW1K/ARM/mbed-os/platform/mbed_retarget.o
    0x08011d40   0x00000072   Code   RO        24439    .text.get_uart_index  BUILD/RHOMBIO_L476DMW1K/ARM/mbed-os/targets/TARGET_STM/serial_api.o
    0x08011db2   0x0000000a   Code   RO        19320    .text.get_us_ticker_data  BUILD/RHOMBIO_L476DMW1K/ARM/mbed-os/hal/mbed_us_ticker_api.o
    0x08011dbc   0x00000030   Code   RO        24175    .text.gpio_dir      BUILD/RHOMBIO_L476DMW1K/ARM/mbed-os/targets/TARGET_STM/gpio_api.o
    0x08011dec   0x00000046   Code   RO        24171    .text.gpio_init     BUILD/RHOMBIO_L476DMW1K/ARM/mbed-os/targets/TARGET_STM/gpio_api.o
    0x08011e32   0x00000006   Code   RO        19244    .text.gpio_init_in  BUILD/RHOMBIO_L476DMW1K/ARM/mbed-os/hal/mbed_gpio.o
    0x08011e38   0x00000026   Code   RO        19246    .text.gpio_init_in_ex  BUILD/RHOMBIO_L476DMW1K/ARM/mbed-os/hal/mbed_gpio.o
    0x08011e5e   0x00000006   Code   RO        19248    .text.gpio_init_out  BUILD/RHOMBIO_L476DMW1K/ARM/mbed-os/hal/mbed_gpio.o
    0x08011e64   0x00000034   Code   RO        19250    .text.gpio_init_out_ex  BUILD/RHOMBIO_L476DMW1K/ARM/mbed-os/hal/mbed_gpio.o
    0x08011e98   0x00000008   Code   RO        24180    .text.gpio_irq0     BUILD/RHOMBIO_L476DMW1K/ARM/mbed-os/targets/TARGET_STM/gpio_irq_api.o
    0x08011ea0   0x00000008   Code   RO        24182    .text.gpio_irq1     BUILD/RHOMBIO_L476DMW1K/ARM/mbed-os/targets/TARGET_STM/gpio_irq_api.o
    0x08011ea8   0x00000008   Code   RO        24184    .text.gpio_irq2     BUILD/RHOMBIO_L476DMW1K/ARM/mbed-os/targets/TARGET_STM/gpio_irq_api.o
    0x08011eb0   0x00000008   Code   RO        24186    .text.gpio_irq3     BUILD/RHOMBIO_L476DMW1K/ARM/mbed-os/targets/TARGET_STM/gpio_irq_api.o
    0x08011eb8   0x00000008   Code   RO        24188    .text.gpio_irq4     BUILD/RHOMBIO_L476DMW1K/ARM/mbed-os/targets/TARGET_STM/gpio_irq_api.o
    0x08011ec0   0x00000008   Code   RO        24190    .text.gpio_irq5     BUILD/RHOMBIO_L476DMW1K/ARM/mbed-os/targets/TARGET_STM/gpio_irq_api.o
    0x08011ec8   0x00000008   Code   RO        24192    .text.gpio_irq6     BUILD/RHOMBIO_L476DMW1K/ARM/mbed-os/targets/TARGET_STM/gpio_irq_api.o
    0x08011ed0   0x000000a0   Code   RO        24198    .text.gpio_irq_disable  BUILD/RHOMBIO_L476DMW1K/ARM/mbed-os/targets/TARGET_STM/gpio_irq_api.o
    0x08011f70   0x000000aa   Code   RO        24194    .text.gpio_irq_enable  BUILD/RHOMBIO_L476DMW1K/ARM/mbed-os/targets/TARGET_STM/gpio_irq_api.o
    0x0801201a   0x00000050   Code   RO        24196    .text.gpio_irq_free  BUILD/RHOMBIO_L476DMW1K/ARM/mbed-os/targets/TARGET_STM/gpio_irq_api.o
    0x0801206a   0x00000002   PAD
    0x0801206c   0x00000148   Code   RO        24178    .text.gpio_irq_init  BUILD/RHOMBIO_L476DMW1K/ARM/mbed-os/targets/TARGET_STM/gpio_irq_api.o
    0x080121b4   0x0000007e   Code   RO        24200    .text.gpio_irq_set  BUILD/RHOMBIO_L476DMW1K/ARM/mbed-os/targets/TARGET_STM/gpio_irq_api.o
    0x08012232   0x00000008   Code   RO        24173    .text.gpio_mode     BUILD/RHOMBIO_L476DMW1K/ARM/mbed-os/targets/TARGET_STM/gpio_api.o
    0x0801223a   0x00000002   PAD
    0x0801223c   0x00000064   Code   RO        24169    .text.gpio_set      BUILD/RHOMBIO_L476DMW1K/ARM/mbed-os/targets/TARGET_STM/gpio_api.o
    0x080122a0   0x0000002a   Code   RO        19232    .text.hal_critical_section_enter  BUILD/RHOMBIO_L476DMW1K/ARM/mbed-os/hal/mbed_critical_section_api.o
    0x080122ca   0x00000002   PAD
    0x080122cc   0x00000078   Code   RO        19234    .text.hal_critical_section_exit  BUILD/RHOMBIO_L476DMW1K/ARM/mbed-os/hal/mbed_critical_section_api.o
    0x08012344   0x0000015c   Code   RO        24475    .text.hal_deepsleep  BUILD/RHOMBIO_L476DMW1K/ARM/mbed-os/targets/TARGET_STM/sleep.o
    0x080124a0   0x0000000c   Code   RO        19236    .text.hal_in_critical_section  BUILD/RHOMBIO_L476DMW1K/ARM/mbed-os/hal/mbed_critical_section_api.o
    0x080124ac   0x00000028   Code   RO        24473    .text.hal_sleep     BUILD/RHOMBIO_L476DMW1K/ARM/mbed-os/targets/TARGET_STM/sleep.o
    0x080124d4   0x000000fa   Code   RO        19688    .text.handle_error  BUILD/RHOMBIO_L476DMW1K/ARM/mbed-os/platform/mbed_error.o
    0x080125ce   0x00000002   PAD
    0x080125d0   0x000000dc   Code   RO        24202    .text.handle_interrupt_in  BUILD/RHOMBIO_L476DMW1K/ARM/mbed-os/targets/TARGET_STM/gpio_irq_api.o
    0x080126ac   0x000000ba   Code   RO        24544    .text.init_32bit_timer  BUILD/RHOMBIO_L476DMW1K/ARM/mbed-os/targets/TARGET_STM/us_ticker.o
    0x08012766   0x0000009c   Code   RO        24441    .text.init_uart     BUILD/RHOMBIO_L476DMW1K/ARM/mbed-os/targets/TARGET_STM/serial_api.o
    0x08012802   0x00000002   PAD
    0x08012804   0x000000f8   Code   RO        19294    .text.initialize    BUILD/RHOMBIO_L476DMW1K/ARM/mbed-os/hal/mbed_ticker_api.o
    0x080128fc   0x000000ae   Code   RO         3806    .text.ip4tos        BUILD/RHOMBIO_L476DMW1K/ARM/mbed-os/features/frameworks/nanostack-libservice/source/libip4string/ip4tos.o
    0x080129aa   0x00000002   PAD
    0x080129ac   0x000000c4   Code   RO         3812    .text.ip6tos        BUILD/RHOMBIO_L476DMW1K/ARM/mbed-os/features/frameworks/nanostack-libservice/source/libip6string/ip6tos.o
    0x08012a70   0x00000026   Code   RO        19812    .text.isatty        BUILD/RHOMBIO_L476DMW1K/ARM/mbed-os/platform/mbed_retarget.o
    0x08012a96   0x0000000c   Code   RO        24083    .text.lpuart1_irq   BUILD/RHOMBIO_L476DMW1K/ARM/mbed-os/targets/TARGET_STM/TARGET_STM32L4/serial_device.o
    0x08012aa2   0x00000030   Code   RO        19842    .text.lseek         BUILD/RHOMBIO_L476DMW1K/ARM/mbed-os/platform/mbed_retarget.o
    0x08012ad2   0x00000002   PAD
    0x08012ad4   0x00000170   Code   RO           12    .text.main          BUILD/RHOMBIO_L476DMW1K/ARM/main.o
    0x08012c44   0x00000016   Code   RO        19659    .text.mbed_assert_internal  BUILD/RHOMBIO_L476DMW1K/ARM/mbed-os/platform/mbed_assert.o
    0x08012c5a   0x00000002   PAD
    0x08012c5c   0x00000060   Code   RO        19662    .text.mbed_die      BUILD/RHOMBIO_L476DMW1K/ARM/mbed-os/platform/mbed_board.o
    0x08012cbc   0x00000032   Code   RO        19708    .text.mbed_error    BUILD/RHOMBIO_L476DMW1K/ARM/mbed-os/platform/mbed_error.o
    0x08012cee   0x00000004   Code   RO        19696    .text.mbed_error_initialize  BUILD/RHOMBIO_L476DMW1K/ARM/mbed-os/platform/mbed_error.o
    0x08012cf2   0x00000020   Code   RO        19664    .text.mbed_error_printf  BUILD/RHOMBIO_L476DMW1K/ARM/mbed-os/platform/mbed_board.o
    0x08012d12   0x00000002   PAD
    0x08012d14   0x00000054   Code   RO        19668    .text.mbed_error_puts  BUILD/RHOMBIO_L476DMW1K/ARM/mbed-os/platform/mbed_board.o
    0x08012d68   0x00000034   Code   RO        19666    .text.mbed_error_vprintf  BUILD/RHOMBIO_L476DMW1K/ARM/mbed-os/platform/mbed_board.o
    0x08012d9c   0x0000012c   Code   RO        19548    .text.mbed_fault_handler  BUILD/RHOMBIO_L476DMW1K/ARM/mbed-os/platform/TARGET_CORTEX_M/mbed_fault_handler.o
    0x08012ec8   0x0000000c   Code   RO        19704    .text.mbed_get_error_in_progress  BUILD/RHOMBIO_L476DMW1K/ARM/mbed-os/platform/mbed_error.o
    0x08012ed4   0x0000003e   Code   RO        19692    .text.mbed_halt_system  BUILD/RHOMBIO_L476DMW1K/ARM/mbed-os/platform/mbed_error.o
    0x08012f12   0x00000002   PAD
    0x08012f14   0x0000003e   Code   RO        20182    .text.mbed_init     BUILD/RHOMBIO_L476DMW1K/ARM/mbed-os/rtos/TARGET_CORTEX/mbed_boot.o
    0x08012f52   0x00000002   Code   RO        20188    .text.mbed_main     BUILD/RHOMBIO_L476DMW1K/ARM/mbed-os/rtos/TARGET_CORTEX/mbed_boot.o
    0x08012f54   0x000000ac   Code   RO        19333    .text.mbed_mpu_init  BUILD/RHOMBIO_L476DMW1K/ARM/mbed-os/hal/mpu/mbed_mpu_v7m.o
    0x08013000   0x00000004   Code   RO        20195    .text.mbed_rtos_init  BUILD/RHOMBIO_L476DMW1K/ARM/mbed-os/rtos/TARGET_CORTEX/mbed_rtos_rtx.o
    0x08013004   0x000000ec   Code   RO        20197    .text.mbed_rtos_start  BUILD/RHOMBIO_L476DMW1K/ARM/mbed-os/rtos/TARGET_CORTEX/mbed_rtos_rtx.o
    0x080130f0   0x00000020   Code   RO        24339    .text.mbed_sdk_init  BUILD/RHOMBIO_L476DMW1K/ARM/mbed-os/targets/TARGET_STM/mbed_overrides.o
    0x08013110   0x00000016   Code   RO        20186    .text.mbed_start    BUILD/RHOMBIO_L476DMW1K/ARM/mbed-os/rtos/TARGET_CORTEX/mbed_boot.o
    0x08013126   0x0000001a   Code   RO        20165    .text.mbed_toolchain_init  BUILD/RHOMBIO_L476DMW1K/ARM/mbed-os/rtos/TARGET_CORTEX/TOOLCHAIN_ARM_STD/mbed_boot_arm_std.o
    0x08013140   0x0000004c   Code   RO         7292    .text.mbedtls_hardware_poll  BUILD/RHOMBIO_L476DMW1K/ARM/mbed-os/features/mbedtls/platform/src/mbed_trng.o
    0x0801318c   0x00000004   Code   RO         7113    .text.mbedtls_platform_setup  BUILD/RHOMBIO_L476DMW1K/ARM/mbed-os/features/mbedtls/mbed-crypto/src/platform.o
    0x08013190   0x00000002   Code   RO         7115    .text.mbedtls_platform_teardown  BUILD/RHOMBIO_L476DMW1K/ARM/mbed-os/features/mbedtls/mbed-crypto/src/platform.o
    0x08013192   0x00000004   Code   RO         3791    .text.ns_list_get_next_  BUILD/RHOMBIO_L476DMW1K/ARM/mbed-os/features/frameworks/nanostack-libservice/source/libList/ns_list.o
    0x08013196   0x00000034   Code   RO         3797    .text.ns_list_remove_  BUILD/RHOMBIO_L476DMW1K/ARM/mbed-os/features/frameworks/nanostack-libservice/source/libList/ns_list.o
    0x080131ca   0x00000032   Code   RO        17076    .text.nsapi_dns_add_server  BUILD/RHOMBIO_L476DMW1K/ARM/mbed-os/features/netsocket/nsapi_dns.o
    0x080131fc   0x000000bc   Code   RO        19820    .text.open          BUILD/RHOMBIO_L476DMW1K/ARM/mbed-os/platform/mbed_retarget.o
    0x080132b8   0x0000002e   Code   RO        20299    .text.osDelay       BUILD/RHOMBIO_L476DMW1K/ARM/mbed-os/rtos/TARGET_CORTEX/rtx5/RTX/Source/rtx_delay.o
    0x080132e6   0x0000002e   Code   RO        20324    .text.osEventFlagsDelete  BUILD/RHOMBIO_L476DMW1K/ARM/mbed-os/rtos/TARGET_CORTEX/rtx5/RTX/Source/rtx_evflags.o
    0x08013314   0x00000032   Code   RO        20308    .text.osEventFlagsNew  BUILD/RHOMBIO_L476DMW1K/ARM/mbed-os/rtos/TARGET_CORTEX/rtx5/RTX/Source/rtx_evflags.o
    0x08013346   0x00000056   Code   RO        20312    .text.osEventFlagsSet  BUILD/RHOMBIO_L476DMW1K/ARM/mbed-os/rtos/TARGET_CORTEX/rtx5/RTX/Source/rtx_evflags.o
    0x0801339c   0x0000004e   Code   RO        20322    .text.osEventFlagsWait  BUILD/RHOMBIO_L476DMW1K/ARM/mbed-os/rtos/TARGET_CORTEX/rtx5/RTX/Source/rtx_evflags.o
    0x080133ea   0x00000032   Code   RO        20376    .text.osKernelGetState  BUILD/RHOMBIO_L476DMW1K/ARM/mbed-os/rtos/TARGET_CORTEX/rtx5/RTX/Source/rtx_kernel.o
    0x0801341c   0x0000002a   Code   RO        20392    .text.osKernelGetTickCount  BUILD/RHOMBIO_L476DMW1K/ARM/mbed-os/rtos/TARGET_CORTEX/rtx5/RTX/Source/rtx_kernel.o
    0x08013446   0x00000032   Code   RO        20370    .text.osKernelInitialize  BUILD/RHOMBIO_L476DMW1K/ARM/mbed-os/rtos/TARGET_CORTEX/rtx5/RTX/Source/rtx_kernel.o
    0x08013478   0x0000002e   Code   RO        20380    .text.osKernelStart  BUILD/RHOMBIO_L476DMW1K/ARM/mbed-os/rtos/TARGET_CORTEX/rtx5/RTX/Source/rtx_kernel.o
    0x080134a6   0x0000007e   Code   RO        20498    .text.osMessageQueueGet  BUILD/RHOMBIO_L476DMW1K/ARM/mbed-os/rtos/TARGET_CORTEX/rtx5/RTX/Source/rtx_msgqueue.o
    0x08013524   0x00000032   Code   RO        20492    .text.osMessageQueueNew  BUILD/RHOMBIO_L476DMW1K/ARM/mbed-os/rtos/TARGET_CORTEX/rtx5/RTX/Source/rtx_msgqueue.o
    0x08013556   0x00000084   Code   RO        20496    .text.osMessageQueuePut  BUILD/RHOMBIO_L476DMW1K/ARM/mbed-os/rtos/TARGET_CORTEX/rtx5/RTX/Source/rtx_msgqueue.o
    0x080135da   0x0000002e   Code   RO        20545    .text.osMutexAcquire  BUILD/RHOMBIO_L476DMW1K/ARM/mbed-os/rtos/TARGET_CORTEX/rtx5/RTX/Source/rtx_mutex.o
    0x08013608   0x0000002e   Code   RO        20551    .text.osMutexDelete  BUILD/RHOMBIO_L476DMW1K/ARM/mbed-os/rtos/TARGET_CORTEX/rtx5/RTX/Source/rtx_mutex.o
    0x08013636   0x00000032   Code   RO        20541    .text.osMutexNew    BUILD/RHOMBIO_L476DMW1K/ARM/mbed-os/rtos/TARGET_CORTEX/rtx5/RTX/Source/rtx_mutex.o
    0x08013668   0x0000002e   Code   RO        20547    .text.osMutexRelease  BUILD/RHOMBIO_L476DMW1K/ARM/mbed-os/rtos/TARGET_CORTEX/rtx5/RTX/Source/rtx_mutex.o
    0x08013696   0x00000002   PAD
    0x08013698   0x0000010c   Code   RO        20210    .text.osRtxErrorNotify  BUILD/RHOMBIO_L476DMW1K/ARM/mbed-os/rtos/TARGET_CORTEX/mbed_rtx_handlers.o
    0x080137a4   0x00000038   Code   RO        20328    .text.osRtxEventFlagsPostProcess  BUILD/RHOMBIO_L476DMW1K/ARM/mbed-os/rtos/TARGET_CORTEX/rtx5/RTX/Source/rtx_evflags.o
    0x080137dc   0x00000004   Code   RO        20208    .text.osRtxIdleThread  BUILD/RHOMBIO_L476DMW1K/ARM/mbed-os/rtos/TARGET_CORTEX/mbed_rtx_handlers.o
    0x080137e0   0x00000002   Code   RO        20368    .text.osRtxKernelPreInit  BUILD/RHOMBIO_L476DMW1K/ARM/mbed-os/rtos/TARGET_CORTEX/rtx5/RTX/Source/rtx_kernel.o
    0x080137e2   0x00000002   PAD
    0x080137e4   0x0000007c   Code   RO        20442    .text.osRtxMemoryAlloc  BUILD/RHOMBIO_L476DMW1K/ARM/mbed-os/rtos/TARGET_CORTEX/rtx5/RTX/Source/rtx_memory.o
    0x08013860   0x00000054   Code   RO        20444    .text.osRtxMemoryFree  BUILD/RHOMBIO_L476DMW1K/ARM/mbed-os/rtos/TARGET_CORTEX/rtx5/RTX/Source/rtx_memory.o
    0x080138b4   0x00000036   Code   RO        20440    .text.osRtxMemoryInit  BUILD/RHOMBIO_L476DMW1K/ARM/mbed-os/rtos/TARGET_CORTEX/rtx5/RTX/Source/rtx_memory.o
    0x080138ea   0x00000038   Code   RO        20449    .text.osRtxMemoryPoolAlloc  BUILD/RHOMBIO_L476DMW1K/ARM/mbed-os/rtos/TARGET_CORTEX/rtx5/RTX/Source/rtx_mempool.o
    0x08013922   0x00000048   Code   RO        20451    .text.osRtxMemoryPoolFree  BUILD/RHOMBIO_L476DMW1K/ARM/mbed-os/rtos/TARGET_CORTEX/rtx5/RTX/Source/rtx_mempool.o
    0x0801396a   0x00000002   PAD
    0x0801396c   0x00000050   Code   RO        20447    .text.osRtxMemoryPoolInit  BUILD/RHOMBIO_L476DMW1K/ARM/mbed-os/rtos/TARGET_CORTEX/rtx5/RTX/Source/rtx_mempool.o
    0x080139bc   0x000000d2   Code   RO        20522    .text.osRtxMessageQueuePostProcess  BUILD/RHOMBIO_L476DMW1K/ARM/mbed-os/rtos/TARGET_CORTEX/rtx5/RTX/Source/rtx_msgqueue.o
    0x08013a8e   0x00000002   PAD
    0x08013a90   0x00000046   Code   RO        20539    .text.osRtxMutexOwnerRelease  BUILD/RHOMBIO_L476DMW1K/ARM/mbed-os/rtos/TARGET_CORTEX/rtx5/RTX/Source/rtx_mutex.o
    0x08013ad6   0x00000002   PAD
    0x08013ad8   0x000000a2   Code   RO        20595    .text.osRtxPendSV_Handler  BUILD/RHOMBIO_L476DMW1K/ARM/mbed-os/rtos/TARGET_CORTEX/rtx5/RTX/Source/rtx_system.o
    0x08013b7a   0x00000076   Code   RO        20597    .text.osRtxPostProcess  BUILD/RHOMBIO_L476DMW1K/ARM/mbed-os/rtos/TARGET_CORTEX/rtx5/RTX/Source/rtx_system.o
    0x08013bf0   0x00000036   Code   RO        20582    .text.osRtxSemaphorePostProcess  BUILD/RHOMBIO_L476DMW1K/ARM/mbed-os/rtos/TARGET_CORTEX/rtx5/RTX/Source/rtx_semaphore.o
    0x08013c26   0x00000002   PAD
    0x08013c28   0x0000009e   Code   RO        20626    .text.osRtxThreadDelayInsert  BUILD/RHOMBIO_L476DMW1K/ARM/mbed-os/rtos/TARGET_CORTEX/rtx5/RTX/Source/rtx_thread.o
    0x08013cc6   0x00000050   Code   RO        20622    .text.osRtxThreadDelayRemove  BUILD/RHOMBIO_L476DMW1K/ARM/mbed-os/rtos/TARGET_CORTEX/rtx5/RTX/Source/rtx_thread.o
    0x08013d16   0x00000002   PAD
    0x08013d18   0x00000078   Code   RO        20610    .text.osRtxThreadDelayTick  BUILD/RHOMBIO_L476DMW1K/ARM/mbed-os/rtos/TARGET_CORTEX/rtx5/RTX/Source/rtx_thread.o
    0x08013d90   0x0000010a   Code   RO        20618    .text.osRtxThreadDispatch  BUILD/RHOMBIO_L476DMW1K/ARM/mbed-os/rtos/TARGET_CORTEX/rtx5/RTX/Source/rtx_thread.o
    0x08013e9a   0x00000062   Code   RO        20700    .text.osRtxThreadFree  BUILD/RHOMBIO_L476DMW1K/ARM/mbed-os/rtos/TARGET_CORTEX/rtx5/RTX/Source/rtx_thread.o
    0x08013efc   0x00000014   Code   RO        20602    .text.osRtxThreadListGet  BUILD/RHOMBIO_L476DMW1K/ARM/mbed-os/rtos/TARGET_CORTEX/rtx5/RTX/Source/rtx_thread.o
    0x08013f10   0x0000002a   Code   RO        20600    .text.osRtxThreadListPut  BUILD/RHOMBIO_L476DMW1K/ARM/mbed-os/rtos/TARGET_CORTEX/rtx5/RTX/Source/rtx_thread.o
    0x08013f3a   0x00000014   Code   RO        20606    .text.osRtxThreadListRemove  BUILD/RHOMBIO_L476DMW1K/ARM/mbed-os/rtos/TARGET_CORTEX/rtx5/RTX/Source/rtx_thread.o
    0x08013f4e   0x00000002   PAD
    0x08013f50   0x0000004a   Code   RO        20604    .text.osRtxThreadListSort  BUILD/RHOMBIO_L476DMW1K/ARM/mbed-os/rtos/TARGET_CORTEX/rtx5/RTX/Source/rtx_thread.o
    0x08013f9a   0x0000002a   Code   RO        20676    .text.osRtxThreadPostProcess  BUILD/RHOMBIO_L476DMW1K/ARM/mbed-os/rtos/TARGET_CORTEX/rtx5/RTX/Source/rtx_thread.o
    0x08013fc4   0x0000003a   Code   RO        20608    .text.osRtxThreadReadyPut  BUILD/RHOMBIO_L476DMW1K/ARM/mbed-os/rtos/TARGET_CORTEX/rtx5/RTX/Source/rtx_thread.o
    0x08013ffe   0x00000014   Code   RO        20612    .text.osRtxThreadRegPtr  BUILD/RHOMBIO_L476DMW1K/ARM/mbed-os/rtos/TARGET_CORTEX/rtx5/RTX/Source/rtx_thread.o
    0x08014012   0x0000002a   Code   RO        20616    .text.osRtxThreadStackCheck  BUILD/RHOMBIO_L476DMW1K/ARM/mbed-os/rtos/TARGET_CORTEX/rtx5/RTX/Source/rtx_thread.o
    0x0801403c   0x00000048   Code   RO        20628    .text.osRtxThreadStartup  BUILD/RHOMBIO_L476DMW1K/ARM/mbed-os/rtos/TARGET_CORTEX/rtx5/RTX/Source/rtx_thread.o
    0x08014084   0x00000012   Code   RO        20614    .text.osRtxThreadSwitch  BUILD/RHOMBIO_L476DMW1K/ARM/mbed-os/rtos/TARGET_CORTEX/rtx5/RTX/Source/rtx_thread.o
    0x08014096   0x00000042   Code   RO        20624    .text.osRtxThreadWaitEnter  BUILD/RHOMBIO_L476DMW1K/ARM/mbed-os/rtos/TARGET_CORTEX/rtx5/RTX/Source/rtx_thread.o
    0x080140d8   0x0000005e   Code   RO        20620    .text.osRtxThreadWaitExit  BUILD/RHOMBIO_L476DMW1K/ARM/mbed-os/rtos/TARGET_CORTEX/rtx5/RTX/Source/rtx_thread.o
    0x08014136   0x00000072   Code   RO        20593    .text.osRtxTick_Handler  BUILD/RHOMBIO_L476DMW1K/ARM/mbed-os/rtos/TARGET_CORTEX/rtx5/RTX/Source/rtx_system.o
    0x080141a8   0x00000044   Code   RO        20721    .text.osRtxTimerThread  BUILD/RHOMBIO_L476DMW1K/ARM/mbed-os/rtos/TARGET_CORTEX/rtx5/RTX/Source/rtx_timer.o
    0x080141ec   0x0000005a   Code   RO        20723    .text.osRtxTimerTick  BUILD/RHOMBIO_L476DMW1K/ARM/mbed-os/rtos/TARGET_CORTEX/rtx5/RTX/Source/rtx_timer.o
    0x08014246   0x0000005e   Code   RO        20570    .text.osSemaphoreAcquire  BUILD/RHOMBIO_L476DMW1K/ARM/mbed-os/rtos/TARGET_CORTEX/rtx5/RTX/Source/rtx_semaphore.o
    0x080142a4   0x0000002e   Code   RO        20578    .text.osSemaphoreDelete  BUILD/RHOMBIO_L476DMW1K/ARM/mbed-os/rtos/TARGET_CORTEX/rtx5/RTX/Source/rtx_semaphore.o
    0x080142d2   0x00000032   Code   RO        20566    .text.osSemaphoreNew  BUILD/RHOMBIO_L476DMW1K/ARM/mbed-os/rtos/TARGET_CORTEX/rtx5/RTX/Source/rtx_semaphore.o
    0x08014304   0x00000074   Code   RO        20572    .text.osSemaphoreRelease  BUILD/RHOMBIO_L476DMW1K/ARM/mbed-os/rtos/TARGET_CORTEX/rtx5/RTX/Source/rtx_semaphore.o
    0x08014378   0x0000001a   Code   RO        20660    .text.osThreadExit  BUILD/RHOMBIO_L476DMW1K/ARM/mbed-os/rtos/TARGET_CORTEX/rtx5/RTX/Source/rtx_thread.o
    0x08014392   0x0000002a   Code   RO        20636    .text.osThreadGetId  BUILD/RHOMBIO_L476DMW1K/ARM/mbed-os/rtos/TARGET_CORTEX/rtx5/RTX/Source/rtx_thread.o
    0x080143bc   0x00000032   Code   RO        20632    .text.osThreadNew   BUILD/RHOMBIO_L476DMW1K/ARM/mbed-os/rtos/TARGET_CORTEX/rtx5/RTX/Source/rtx_thread.o
    0x080143ee   0x00000038   Code   RO        20662    .text.osThreadTerminate  BUILD/RHOMBIO_L476DMW1K/ARM/mbed-os/rtos/TARGET_CORTEX/rtx5/RTX/Source/rtx_thread.o
    0x08014426   0x00000002   PAD
    0x08014428   0x00000124   Code   RO        24343    .text.pin_function  BUILD/RHOMBIO_L476DMW1K/ARM/mbed-os/targets/TARGET_STM/pinmap.o
    0x0801454c   0x00000096   Code   RO        24345    .text.pin_mode      BUILD/RHOMBIO_L476DMW1K/ARM/mbed-os/targets/TARGET_STM/pinmap.o
    0x080145e2   0x00000002   PAD
    0x080145e4   0x00000040   Code   RO        19270    .text.pinmap_merge  BUILD/RHOMBIO_L476DMW1K/ARM/mbed-os/hal/mbed_pinmap_common.o
    0x08014624   0x0000006c   Code   RO        19274    .text.pinmap_peripheral  BUILD/RHOMBIO_L476DMW1K/ARM/mbed-os/hal/mbed_pinmap_common.o
    0x08014690   0x00000074   Code   RO        19268    .text.pinmap_pinout  BUILD/RHOMBIO_L476DMW1K/ARM/mbed-os/hal/mbed_pinmap_common.o
    0x08014704   0x00000164   Code   RO        19550    .text.print_context_info  BUILD/RHOMBIO_L476DMW1K/ARM/mbed-os/platform/TARGET_CORTEX_M/mbed_fault_handler.o
    0x08014868   0x000001bc   Code   RO        19690    .text.print_error_report  BUILD/RHOMBIO_L476DMW1K/ARM/mbed-os/platform/mbed_error.o
    0x08014a24   0x00000106   Code   RO         3573    .text.randLIB_add_seed  BUILD/RHOMBIO_L476DMW1K/ARM/mbed-os/features/frameworks/mbed-client-randlib/source/randLIB.o
    0x08014b2a   0x00000002   PAD
    0x08014b2c   0x00000098   Code   RO         3585    .text.randLIB_get_random_in_range  BUILD/RHOMBIO_L476DMW1K/ARM/mbed-os/features/frameworks/mbed-client-randlib/source/randLIB.o
    0x08014bc4   0x00000058   Code   RO         3571    .text.randLIB_seed_random  BUILD/RHOMBIO_L476DMW1K/ARM/mbed-os/features/frameworks/mbed-client-randlib/source/randLIB.o
    0x08014c1c   0x00000038   Code   RO        24560    .text.restore_timer_ctx  BUILD/RHOMBIO_L476DMW1K/ARM/mbed-os/targets/TARGET_STM/us_ticker.o
    0x08014c54   0x0000000e   Code   RO        20244    .text.rtos_idle_loop  BUILD/RHOMBIO_L476DMW1K/ARM/mbed-os/rtos/TARGET_CORTEX/mbed_rtx_idle.o
    0x08014c62   0x00000038   Code   RO        24558    .text.save_timer_ctx  BUILD/RHOMBIO_L476DMW1K/ARM/mbed-os/targets/TARGET_STM/us_ticker.o
    0x08014c9a   0x00000002   PAD
    0x08014c9c   0x00000148   Code   RO        19300    .text.schedule_interrupt  BUILD/RHOMBIO_L476DMW1K/ARM/mbed-os/hal/mbed_ticker_api.o
    0x08014de4   0x0000009e   Code   RO        24445    .text.serial_baud   BUILD/RHOMBIO_L476DMW1K/ARM/mbed-os/targets/TARGET_STM/serial_api.o
    0x08014e82   0x00000002   PAD
    0x08014e84   0x00000034   Code   RO        24085    .text.serial_getc   BUILD/RHOMBIO_L476DMW1K/ARM/mbed-os/targets/TARGET_STM/TARGET_STM32L4/serial_device.o
    0x08014eb8   0x0000026c   Code   RO        24437    .text.serial_init   BUILD/RHOMBIO_L476DMW1K/ARM/mbed-os/targets/TARGET_STM/serial_api.o
    0x08015124   0x0000001a   Code   RO        24069    .text.serial_irq_handler  BUILD/RHOMBIO_L476DMW1K/ARM/mbed-os/targets/TARGET_STM/TARGET_STM32L4/serial_device.o
    0x0801513e   0x00000140   Code   RO        24071    .text.serial_irq_set  BUILD/RHOMBIO_L476DMW1K/ARM/mbed-os/targets/TARGET_STM/TARGET_STM32L4/serial_device.o
    0x0801527e   0x00000090   Code   RO        24467    .text.serial_is_tx_ongoing  BUILD/RHOMBIO_L476DMW1K/ARM/mbed-os/targets/TARGET_STM/serial_api.o
    0x0801530e   0x00000002   PAD
    0x08015310   0x00000036   Code   RO        24087    .text.serial_putc   BUILD/RHOMBIO_L476DMW1K/ARM/mbed-os/targets/TARGET_STM/TARGET_STM32L4/serial_device.o
    0x08015346   0x00000024   Code   RO        24459    .text.serial_readable  BUILD/RHOMBIO_L476DMW1K/ARM/mbed-os/targets/TARGET_STM/serial_api.o
    0x0801536a   0x0000001a   Code   RO        24461    .text.serial_writable  BUILD/RHOMBIO_L476DMW1K/ARM/mbed-os/targets/TARGET_STM/serial_api.o
    0x08015384   0x0000005c   Code   RO        20009    .text.sleep_manager_lock_deep_sleep_internal  BUILD/RHOMBIO_L476DMW1K/ARM/mbed-os/platform/mbed_sleep_manager.o
    0x080153e0   0x00000024   Code   RO        20017    .text.sleep_manager_sleep_auto  BUILD/RHOMBIO_L476DMW1K/ARM/mbed-os/platform/mbed_sleep_manager.o
    0x08015404   0x0000005c   Code   RO        20011    .text.sleep_manager_unlock_deep_sleep_internal  BUILD/RHOMBIO_L476DMW1K/ARM/mbed-os/platform/mbed_sleep_manager.o
    0x08015460   0x00000078   Code   RO         3809    .text.stoip4        BUILD/RHOMBIO_L476DMW1K/ARM/mbed-os/features/frameworks/nanostack-libservice/source/libip4string/stoip4.o
    0x080154d8   0x00000132   Code   RO         3817    .text.stoip6        BUILD/RHOMBIO_L476DMW1K/ARM/mbed-os/features/frameworks/nanostack-libservice/source/libip6string/stoip6.o
    0x0801560a   0x00000014   Code   RO        20303    .text.svcRtxDelay   BUILD/RHOMBIO_L476DMW1K/ARM/mbed-os/rtos/TARGET_CORTEX/rtx5/RTX/Source/rtx_delay.o
    0x0801561e   0x00000002   PAD
    0x08015620   0x0000006c   Code   RO        20338    .text.svcRtxEventFlagsDelete  BUILD/RHOMBIO_L476DMW1K/ARM/mbed-os/rtos/TARGET_CORTEX/rtx5/RTX/Source/rtx_evflags.o
    0x0801568c   0x00000082   Code   RO        20326    .text.svcRtxEventFlagsNew  BUILD/RHOMBIO_L476DMW1K/ARM/mbed-os/rtos/TARGET_CORTEX/rtx5/RTX/Source/rtx_evflags.o
    0x0801570e   0x00000002   PAD
    0x08015710   0x00000084   Code   RO        20334    .text.svcRtxEventFlagsSet  BUILD/RHOMBIO_L476DMW1K/ARM/mbed-os/rtos/TARGET_CORTEX/rtx5/RTX/Source/rtx_evflags.o
    0x08015794   0x00000068   Code   RO        20336    .text.svcRtxEventFlagsWait  BUILD/RHOMBIO_L476DMW1K/ARM/mbed-os/rtos/TARGET_CORTEX/rtx5/RTX/Source/rtx_evflags.o
    0x080157fc   0x0000000c   Code   RO        20378    .text.svcRtxKernelGetState  BUILD/RHOMBIO_L476DMW1K/ARM/mbed-os/rtos/TARGET_CORTEX/rtx5/RTX/Source/rtx_kernel.o
    0x08015808   0x0000000c   Code   RO        20394    .text.svcRtxKernelGetTickCount  BUILD/RHOMBIO_L476DMW1K/ARM/mbed-os/rtos/TARGET_CORTEX/rtx5/RTX/Source/rtx_kernel.o
    0x08015814   0x00000156   Code   RO        20408    .text.svcRtxKernelInitialize  BUILD/RHOMBIO_L476DMW1K/ARM/mbed-os/rtos/TARGET_CORTEX/rtx5/RTX/Source/rtx_kernel.o
    0x0801596a   0x000000a6   Code   RO        20410    .text.svcRtxKernelStart  BUILD/RHOMBIO_L476DMW1K/ARM/mbed-os/rtos/TARGET_CORTEX/rtx5/RTX/Source/rtx_kernel.o
    0x08015a10   0x000000f6   Code   RO        20532    .text.svcRtxMessageQueueGet  BUILD/RHOMBIO_L476DMW1K/ARM/mbed-os/rtos/TARGET_CORTEX/rtx5/RTX/Source/rtx_msgqueue.o
    0x08015b06   0x00000150   Code   RO        20520    .text.svcRtxMessageQueueNew  BUILD/RHOMBIO_L476DMW1K/ARM/mbed-os/rtos/TARGET_CORTEX/rtx5/RTX/Source/rtx_msgqueue.o
    0x08015c56   0x000000c0   Code   RO        20528    .text.svcRtxMessageQueuePut  BUILD/RHOMBIO_L476DMW1K/ARM/mbed-os/rtos/TARGET_CORTEX/rtx5/RTX/Source/rtx_msgqueue.o
    0x08015d16   0x000000b4   Code   RO        20557    .text.svcRtxMutexAcquire  BUILD/RHOMBIO_L476DMW1K/ARM/mbed-os/rtos/TARGET_CORTEX/rtx5/RTX/Source/rtx_mutex.o
    0x08015dca   0x00000002   PAD
    0x08015dcc   0x000000c0   Code   RO        20563    .text.svcRtxMutexDelete  BUILD/RHOMBIO_L476DMW1K/ARM/mbed-os/rtos/TARGET_CORTEX/rtx5/RTX/Source/rtx_mutex.o
    0x08015e8c   0x0000007a   Code   RO        20553    .text.svcRtxMutexNew  BUILD/RHOMBIO_L476DMW1K/ARM/mbed-os/rtos/TARGET_CORTEX/rtx5/RTX/Source/rtx_mutex.o
    0x08015f06   0x000000d6   Code   RO        20559    .text.svcRtxMutexRelease  BUILD/RHOMBIO_L476DMW1K/ARM/mbed-os/rtos/TARGET_CORTEX/rtx5/RTX/Source/rtx_mutex.o
    0x08015fdc   0x00000066   Code   RO        20586    .text.svcRtxSemaphoreAcquire  BUILD/RHOMBIO_L476DMW1K/ARM/mbed-os/rtos/TARGET_CORTEX/rtx5/RTX/Source/rtx_semaphore.o
    0x08016042   0x00000002   PAD
    0x08016044   0x0000006c   Code   RO        20590    .text.svcRtxSemaphoreDelete  BUILD/RHOMBIO_L476DMW1K/ARM/mbed-os/rtos/TARGET_CORTEX/rtx5/RTX/Source/rtx_semaphore.o
    0x080160b0   0x000000a4   Code   RO        20580    .text.svcRtxSemaphoreNew  BUILD/RHOMBIO_L476DMW1K/ARM/mbed-os/rtos/TARGET_CORTEX/rtx5/RTX/Source/rtx_semaphore.o
    0x08016154   0x00000066   Code   RO        20588    .text.svcRtxSemaphoreRelease  BUILD/RHOMBIO_L476DMW1K/ARM/mbed-os/rtos/TARGET_CORTEX/rtx5/RTX/Source/rtx_semaphore.o
    0x080161ba   0x0000007c   Code   RO        20704    .text.svcRtxThreadExit  BUILD/RHOMBIO_L476DMW1K/ARM/mbed-os/rtos/TARGET_CORTEX/rtx5/RTX/Source/rtx_thread.o
    0x08016236   0x0000000c   Code   RO        20638    .text.svcRtxThreadGetId  BUILD/RHOMBIO_L476DMW1K/ARM/mbed-os/rtos/TARGET_CORTEX/rtx5/RTX/Source/rtx_thread.o
    0x08016242   0x0000020e   Code   RO        20630    .text.svcRtxThreadNew  BUILD/RHOMBIO_L476DMW1K/ARM/mbed-os/rtos/TARGET_CORTEX/rtx5/RTX/Source/rtx_thread.o
    0x08016450   0x000000fa   Code   RO        20706    .text.svcRtxThreadTerminate  BUILD/RHOMBIO_L476DMW1K/ARM/mbed-os/rtos/TARGET_CORTEX/rtx5/RTX/Source/rtx_thread.o
    0x0801654a   0x00000002   PAD
    0x0801654c   0x00000066   Code   RO        19296    .text.ticker_irq_handler  BUILD/RHOMBIO_L476DMW1K/ARM/mbed-os/hal/mbed_ticker_api.o
    0x080165b2   0x00000008   Code   RO        19308    .text.ticker_read   BUILD/RHOMBIO_L476DMW1K/ARM/mbed-os/hal/mbed_ticker_api.o
    0x080165ba   0x00000022   Code   RO        19310    .text.ticker_read_us  BUILD/RHOMBIO_L476DMW1K/ARM/mbed-os/hal/mbed_ticker_api.o
    0x080165dc   0x0000002a   Code   RO        24542    .text.timer_irq_handler  BUILD/RHOMBIO_L476DMW1K/ARM/mbed-os/targets/TARGET_STM/us_ticker.o
    0x08016606   0x0000002a   Code   RO        20214    .text.trap_rtx_error  BUILD/RHOMBIO_L476DMW1K/ARM/mbed-os/rtos/TARGET_CORTEX/mbed_rtx_handlers.o
    0x08016630   0x00000024   Code   RO        24534    .text.trng_free     BUILD/RHOMBIO_L476DMW1K/ARM/mbed-os/targets/TARGET_STM/trng_api.o
    0x08016654   0x0000006e   Code   RO        24536    .text.trng_get_bytes  BUILD/RHOMBIO_L476DMW1K/ARM/mbed-os/targets/TARGET_STM/trng_api.o
    0x080166c2   0x00000002   PAD
    0x080166c4   0x000000c0   Code   RO        24532    .text.trng_init     BUILD/RHOMBIO_L476DMW1K/ARM/mbed-os/targets/TARGET_STM/trng_api.o
    0x08016784   0x0000000c   Code   RO        24073    .text.uart1_irq     BUILD/RHOMBIO_L476DMW1K/ARM/mbed-os/targets/TARGET_STM/TARGET_STM32L4/serial_device.o
    0x08016790   0x0000000c   Code   RO        24075    .text.uart2_irq     BUILD/RHOMBIO_L476DMW1K/ARM/mbed-os/targets/TARGET_STM/TARGET_STM32L4/serial_device.o
    0x0801679c   0x0000000c   Code   RO        24077    .text.uart3_irq     BUILD/RHOMBIO_L476DMW1K/ARM/mbed-os/targets/TARGET_STM/TARGET_STM32L4/serial_device.o
    0x080167a8   0x0000000c   Code   RO        24079    .text.uart4_irq     BUILD/RHOMBIO_L476DMW1K/ARM/mbed-os/targets/TARGET_STM/TARGET_STM32L4/serial_device.o
    0x080167b4   0x0000000c   Code   RO        24081    .text.uart5_irq     BUILD/RHOMBIO_L476DMW1K/ARM/mbed-os/targets/TARGET_STM/TARGET_STM32L4/serial_device.o
    0x080167c0   0x00000094   Code   RO        24095    .text.uart_irq      BUILD/RHOMBIO_L476DMW1K/ARM/mbed-os/targets/TARGET_STM/TARGET_STM32L4/serial_device.o
    0x08016854   0x000000e8   Code   RO        19298    .text.update_present_time  BUILD/RHOMBIO_L476DMW1K/ARM/mbed-os/hal/mbed_ticker_api.o
    0x0801693c   0x00000012   Code   RO        24556    .text.us_ticker_clear_interrupt  BUILD/RHOMBIO_L476DMW1K/ARM/mbed-os/targets/TARGET_STM/us_ticker.o
    0x0801694e   0x00000014   Code   RO        24554    .text.us_ticker_disable_interrupt  BUILD/RHOMBIO_L476DMW1K/ARM/mbed-os/targets/TARGET_STM/us_ticker.o
    0x08016962   0x00000022   Code   RO        24552    .text.us_ticker_fire_interrupt  BUILD/RHOMBIO_L476DMW1K/ARM/mbed-os/targets/TARGET_STM/us_ticker.o
    0x08016984   0x0000000a   Code   RO        24540    .text.us_ticker_get_info  BUILD/RHOMBIO_L476DMW1K/ARM/mbed-os/targets/TARGET_STM/us_ticker.o
    0x0801698e   0x00000018   Code   RO        24546    .text.us_ticker_init  BUILD/RHOMBIO_L476DMW1K/ARM/mbed-os/targets/TARGET_STM/us_ticker.o
    0x080169a6   0x00000018   Code   RO        19324    .text.us_ticker_irq_handler  BUILD/RHOMBIO_L476DMW1K/ARM/mbed-os/hal/mbed_us_ticker_api.o
    0x080169be   0x0000000c   Code   RO        24548    .text.us_ticker_read  BUILD/RHOMBIO_L476DMW1K/ARM/mbed-os/targets/TARGET_STM/us_ticker.o
    0x080169ca   0x0000001c   Code   RO        24550    .text.us_ticker_set_interrupt  BUILD/RHOMBIO_L476DMW1K/ARM/mbed-os/targets/TARGET_STM/us_ticker.o
    0x080169e6   0x00000002   PAD
    0x080169e8   0x000000a0   Code   RO        20045    .text.wait          BUILD/RHOMBIO_L476DMW1K/ARM/mbed-os/platform/mbed_wait_api_rtos.o
    0x08016a88   0x0000003a   Code   RO        20047    .text.wait_ms       BUILD/RHOMBIO_L476DMW1K/ARM/mbed-os/platform/mbed_wait_api_rtos.o
    0x08016ac2   0x00000030   Code   RO        19828    .text.write         BUILD/RHOMBIO_L476DMW1K/ARM/mbed-os/platform/mbed_retarget.o
    0x08016af2   0x0000003e   Code   RO        26258    CL$$btod_d2e        C:/Keil_v5/ARM/ARMCCv611/lib\armlib\c_w.l(btod.o)
    0x08016b30   0x00000046   Code   RO        26260    CL$$btod_d2e_denorm_low  C:/Keil_v5/ARM/ARMCCv611/lib\armlib\c_w.l(btod.o)
    0x08016b76   0x00000060   Code   RO        26259    CL$$btod_d2e_norm_op1  C:/Keil_v5/ARM/ARMCCv611/lib\armlib\c_w.l(btod.o)
    0x08016bd6   0x00000338   Code   RO        26268    CL$$btod_div_common  C:/Keil_v5/ARM/ARMCCv611/lib\armlib\c_w.l(btod.o)
    0x08016f0e   0x000000dc   Code   RO        26265    CL$$btod_e2e        C:/Keil_v5/ARM/ARMCCv611/lib\armlib\c_w.l(btod.o)
    0x08016fea   0x0000002a   Code   RO        26262    CL$$btod_ediv       C:/Keil_v5/ARM/ARMCCv611/lib\armlib\c_w.l(btod.o)
    0x08017014   0x0000002a   Code   RO        26261    CL$$btod_emul       C:/Keil_v5/ARM/ARMCCv611/lib\armlib\c_w.l(btod.o)
    0x0801703e   0x00000244   Code   RO        26267    CL$$btod_mult_common  C:/Keil_v5/ARM/ARMCCv611/lib\armlib\c_w.l(btod.o)
    0x08017282   0x00000030   Code   RO        26367    i.__ARM_fpclassify  C:/Keil_v5/ARM/ARMCCv611/lib\armlib\m_wm.l(fpclassify.o)
    0x080172b2   0x0000002a   Code   RO        25961    i.__hardfp_difftime  C:/Keil_v5/ARM/ARMCCv611/lib\armlib\m_wm.l(difftime.o)
    0x080172dc   0x0000000e   Code   RO        25711    i._is_digit         C:/Keil_v5/ARM/ARMCCv611/lib\armlib\c_w.l(__printf_wp.o)
    0x080172ea   0x0000001a   Code   RO        25757    i.fputc             C:/Keil_v5/ARM/ARMCCv611/lib\armlib\c_w.l(fputc.o)
    0x08017304   0x0000002c   Code   RO        26114    locale$$code        C:/Keil_v5/ARM/ARMCCv611/lib\armlib\c_w.l(lc_ctype_c.o)
    0x08017330   0x0000002c   Code   RO        26311    locale$$code        C:/Keil_v5/ARM/ARMCCv611/lib\armlib\c_w.l(lc_numeric_c.o)
    0x0801735c   0x00000150   Code   RO        25866    x$fpl$dadd          C:/Keil_v5/ARM/ARMCCv611/lib\armlib\fz_wm.l(daddsub_clz.o)
    0x080174ac   0x00000018   Code   RO        26348    x$fpl$dcmpinf       C:/Keil_v5/ARM/ARMCCv611/lib\armlib\fz_wm.l(dcmpi.o)
    0x080174c4   0x00000078   Code   RO        26176    x$fpl$deqf          C:/Keil_v5/ARM/ARMCCv611/lib\armlib\fz_wm.l(deqf.o)
    0x0801753c   0x0000005e   Code   RO        25878    x$fpl$dfix          C:/Keil_v5/ARM/ARMCCv611/lib\armlib\fz_wm.l(dfix.o)
    0x0801759a   0x0000002e   Code   RO        25887    x$fpl$dflt          C:/Keil_v5/ARM/ARMCCv611/lib\armlib\fz_wm.l(dflt_clz.o)
    0x080175c8   0x00000026   Code   RO        25886    x$fpl$dfltu         C:/Keil_v5/ARM/ARMCCv611/lib\armlib\fz_wm.l(dflt_clz.o)
    0x080175ee   0x00000002   PAD
    0x080175f0   0x00000078   Code   RO        26178    x$fpl$dgeqf         C:/Keil_v5/ARM/ARMCCv611/lib\armlib\fz_wm.l(dgeqf.o)
    0x08017668   0x00000078   Code   RO        26180    x$fpl$dleqf         C:/Keil_v5/ARM/ARMCCv611/lib\armlib\fz_wm.l(dleqf.o)
    0x080176e0   0x00000154   Code   RO        25892    x$fpl$dmul          C:/Keil_v5/ARM/ARMCCv611/lib\armlib\fz_wm.l(dmul.o)
    0x08017834   0x0000009c   Code   RO        26182    x$fpl$dnaninf       C:/Keil_v5/ARM/ARMCCv611/lib\armlib\fz_wm.l(dnaninf.o)
    0x080178d0   0x0000000c   Code   RO        26184    x$fpl$dretinf       C:/Keil_v5/ARM/ARMCCv611/lib\armlib\fz_wm.l(dretinf.o)
    0x080178dc   0x000001d4   Code   RO        25868    x$fpl$dsub          C:/Keil_v5/ARM/ARMCCv611/lib\armlib\fz_wm.l(daddsub_clz.o)
    0x08017ab0   0x00000054   Code   RO        25872    x$fpl$fcmp          C:/Keil_v5/ARM/ARMCCv611/lib\armlib\fz_wm.l(dcmp.o)
    0x08017b04   0x0000001a   Code   RO        26350    x$fpl$fpinit        C:/Keil_v5/ARM/ARMCCv611/lib\armlib\fz_wm.l(fpinit.o)
    0x08017b1e   0x00000004   Code   RO        25902    x$fpl$printf1       C:/Keil_v5/ARM/ARMCCv611/lib\armlib\fz_wm.l(printf1.o)
    0x08017b22   0x00000004   Code   RO        26188    x$fpl$printf2       C:/Keil_v5/ARM/ARMCCv611/lib\armlib\fz_wm.l(printf2.o)
    0x08017b26   0x00000000   Code   RO        26196    x$fpl$usenofp       C:/Keil_v5/ARM/ARMCCv611/lib\armlib\fz_wm.l(usenofp.o)
    0x08017b26   0x00000028   Data   RO        25699    .constdata          C:/Keil_v5/ARM/ARMCCv611/lib\armlib\c_w.l(_printf_hex_int_ll_ptr.o)
    0x08017b4e   0x00000011   Data   RO        25719    .constdata          C:/Keil_v5/ARM/ARMCCv611/lib\armlib\c_w.l(__printf_flags_ss_wp.o)
    0x08017b5f   0x00000001   PAD
    0x08017b60   0x00000008   Data   RO        26047    .constdata          C:/Keil_v5/ARM/ARMCCv611/lib\armlib\c_w.l(_printf_wctomb.o)
    0x08017b68   0x0000000c   Data   RO        26122    .constdata          C:/Keil_v5/ARM/ARMCCv611/lib\armlib\c_w.l(_monlen.o)
    0x08017b74   0x00000026   Data   RO        26233    .constdata          C:/Keil_v5/ARM/ARMCCv611/lib\armlib\c_w.l(_printf_fp_hex.o)
    0x08017b9a   0x00000002   PAD
    0x08017b9c   0x00000094   Data   RO        26256    .constdata          C:/Keil_v5/ARM/ARMCCv611/lib\armlib\c_w.l(bigflt0.o)
    0x08017c30   0x000000a0   Data   RO        20431    .rodata             BUILD/RHOMBIO_L476DMW1K/ARM/mbed-os/rtos/TARGET_CORTEX/rtx5/RTX/Source/rtx_lib.o
    0x08017cd0   0x00000011   Data   RO         1985    .rodata..L.str.19   BUILD/RHOMBIO_L476DMW1K/ARM/mbed-os/features/cellular/framework/AT/AT_CellularContext.o
    0x08017ce1   0x0000001e   Data   RO         1986    .rodata..L.str.21   BUILD/RHOMBIO_L476DMW1K/ARM/mbed-os/features/cellular/framework/AT/AT_CellularContext.o
    0x08017cff   0x0000001f   Data   RO         1987    .rodata..L.str.23   BUILD/RHOMBIO_L476DMW1K/ARM/mbed-os/features/cellular/framework/AT/AT_CellularContext.o
    0x08017d1e   0x0000000f   Data   RO         1988    .rodata..L.str.26   BUILD/RHOMBIO_L476DMW1K/ARM/mbed-os/features/cellular/framework/AT/AT_CellularContext.o
    0x08017d2d   0x00000012   Data   RO         1989    .rodata..L.str.28   BUILD/RHOMBIO_L476DMW1K/ARM/mbed-os/features/cellular/framework/AT/AT_CellularContext.o
    0x08017d3f   0x00000015   Data   RO         1990    .rodata..L.str.30   BUILD/RHOMBIO_L476DMW1K/ARM/mbed-os/features/cellular/framework/AT/AT_CellularContext.o
    0x08017d54   0x00000095   Data   RO         1991    .rodata..L.str.31   BUILD/RHOMBIO_L476DMW1K/ARM/mbed-os/features/cellular/framework/AT/AT_CellularContext.o
    0x08017de9   0x0000004b   Data   RO         1992    .rodata..L.str.33   BUILD/RHOMBIO_L476DMW1K/ARM/mbed-os/features/cellular/framework/AT/AT_CellularContext.o
    0x08017e34   0x0000001b   Data   RO         1993    .rodata..L.str.35   BUILD/RHOMBIO_L476DMW1K/ARM/mbed-os/features/cellular/framework/AT/AT_CellularContext.o
    0x08017e4f   0x00000017   Data   RO         1994    .rodata..L.str.37   BUILD/RHOMBIO_L476DMW1K/ARM/mbed-os/features/cellular/framework/AT/AT_CellularContext.o
    0x08017e66   0x00000018   Data   RO         1995    .rodata..L.str.39   BUILD/RHOMBIO_L476DMW1K/ARM/mbed-os/features/cellular/framework/AT/AT_CellularContext.o
    0x08017e7e   0x00000013   Data   RO         1996    .rodata..L.str.41   BUILD/RHOMBIO_L476DMW1K/ARM/mbed-os/features/cellular/framework/AT/AT_CellularContext.o
    0x08017e91   0x00000017   Data   RO         1997    .rodata..L.str.43   BUILD/RHOMBIO_L476DMW1K/ARM/mbed-os/features/cellular/framework/AT/AT_CellularContext.o
    0x08017ea8   0x0000001b   Data   RO         1998    .rodata..L.str.45   BUILD/RHOMBIO_L476DMW1K/ARM/mbed-os/features/cellular/framework/AT/AT_CellularContext.o
    0x08017ec3   0x00000014   Data   RO         1999    .rodata..L.str.47   BUILD/RHOMBIO_L476DMW1K/ARM/mbed-os/features/cellular/framework/AT/AT_CellularContext.o
    0x08017ed7   0x00000014   Data   RO         2000    .rodata..L.str.49   BUILD/RHOMBIO_L476DMW1K/ARM/mbed-os/features/cellular/framework/AT/AT_CellularContext.o
    0x08017eeb   0x0000005b   Data   RO         2001    .rodata..L.str.51   BUILD/RHOMBIO_L476DMW1K/ARM/mbed-os/features/cellular/framework/AT/AT_CellularContext.o
    0x08017f46   0x0000002c   Data   RO         2002    .rodata..L.str.53   BUILD/RHOMBIO_L476DMW1K/ARM/mbed-os/features/cellular/framework/AT/AT_CellularContext.o
    0x08017f72   0x0000000f   Data   RO         2003    .rodata..L.str.55   BUILD/RHOMBIO_L476DMW1K/ARM/mbed-os/features/cellular/framework/AT/AT_CellularContext.o
    0x08017f81   0x00000009   Data   RO         2004    .rodata..L.str.57   BUILD/RHOMBIO_L476DMW1K/ARM/mbed-os/features/cellular/framework/AT/AT_CellularContext.o
    0x08017f8a   0x00000026   Data   RO         2005    .rodata..L.str.59   BUILD/RHOMBIO_L476DMW1K/ARM/mbed-os/features/cellular/framework/AT/AT_CellularContext.o
    0x08017fb0   0x00000061   Data   RO         2006    .rodata..L.str.61   BUILD/RHOMBIO_L476DMW1K/ARM/mbed-os/features/cellular/framework/AT/AT_CellularContext.o
    0x08018011   0x00000015   Data   RO         2007    .rodata..L.str.63   BUILD/RHOMBIO_L476DMW1K/ARM/mbed-os/features/cellular/framework/AT/AT_CellularContext.o
    0x08018026   0x00000002   PAD
    0x08018028   0x0000000c   Data   RO         2222    .rodata..L_ZZN4mbed18AT_CellularNetwork23get_registration_paramsENS_15CellularNetwork16RegistrationTypeERNS1_21registration_params_tEE3rsp  BUILD/RHOMBIO_L476DMW1K/ARM/mbed-os/features/cellular/framework/AT/AT_CellularNetwork.o
    0x08018034   0x00000018   Data   RO        20238    .rodata..Lswitch.table.error_msg  BUILD/RHOMBIO_L476DMW1K/ARM/mbed-os/rtos/TARGET_CORTEX/mbed_rtx_handlers.o
    0x0801804c   0x00000010   Data   RO        24042    .rodata.AHBPrescTable  BUILD/RHOMBIO_L476DMW1K/ARM/mbed-os/targets/TARGET_STM/TARGET_STM32L4/device/system_stm32l4xx.o
    0x0801805c   0x00000008   Data   RO        24043    .rodata.APBPrescTable  BUILD/RHOMBIO_L476DMW1K/ARM/mbed-os/targets/TARGET_STM/TARGET_STM32L4/device/system_stm32l4xx.o
    0x08018064   0x00000030   Data   RO        24044    .rodata.MSIRangeTable  BUILD/RHOMBIO_L476DMW1K/ARM/mbed-os/targets/TARGET_STM/TARGET_STM32L4/device/system_stm32l4xx.o
    0x08018094   0x000000a8   Data   RO        20871    .rodata.PinMap_UART_RX  BUILD/RHOMBIO_L476DMW1K/ARM/mbed-os/targets/TARGET_STM/TARGET_STM32L4/TARGET_STM32L476xG/TARGET_RHOMBIO_L476DMW1K/PeripheralPins.o
    0x0801813c   0x000000a8   Data   RO        20870    .rodata.PinMap_UART_TX  BUILD/RHOMBIO_L476DMW1K/ARM/mbed-os/targets/TARGET_STM/TARGET_STM32L4/TARGET_STM32L476xG/TARGET_RHOMBIO_L476DMW1K/PeripheralPins.o
    0x080181e4   0x00000080   Data   RO         2314    .rodata._ZL12gsm_to_ascii  BUILD/RHOMBIO_L476DMW1K/ARM/mbed-os/features/cellular/framework/AT/AT_CellularSMS.o
    0x08018264   0x0000004c   Data   RO         1844    .rodata._ZL15map_3gpp_errors  BUILD/RHOMBIO_L476DMW1K/ARM/mbed-os/features/cellular/framework/AT/ATHandler.o
    0x080182b0   0x0000003c   Data   RO         2765    .rodata._ZL19cellular_properties  BUILD/RHOMBIO_L476DMW1K/ARM/mbed-os/features/cellular/framework/targets/QUECTEL/BC95/QUECTEL_BC95.o
    0x080182ec   0x000000c8   Data   RO         1983    .rodata._ZL6apnlut  BUILD/RHOMBIO_L476DMW1K/ARM/mbed-os/features/cellular/framework/AT/AT_CellularContext.o
    0x080183b4   0x00000024   Data   RO         2220    .rodata._ZL6at_reg  BUILD/RHOMBIO_L476DMW1K/ARM/mbed-os/features/cellular/framework/AT/AT_CellularNetwork.o
    0x080183d8   0x00000001   Data   RO        25949    .rodata._ZSt7nothrow  C:/Keil_v5/ARM/ARMCCv611/lib\libcxx\libcpp_w.l(new.cpp.o)
    0x080183d9   0x00000003   PAD
    0x080183dc   0x00000010   Data   RO        16848    .rodata._ZTV11SocketStats  BUILD/RHOMBIO_L476DMW1K/ARM/mbed-os/features/netsocket/SocketStats.o
    0x080183ec   0x00000074   Data   RO        16731    .rodata._ZTV12NetworkStack  BUILD/RHOMBIO_L476DMW1K/ARM/mbed-os/features/netsocket/NetworkStack.o
    0x08018460   0x00000054   Data   RO        16530    .rodata._ZTV14InternetSocket  BUILD/RHOMBIO_L476DMW1K/ARM/mbed-os/features/netsocket/InternetSocket.o
    0x080184b4   0x00000074   Data   RO        16660    .rodata._ZTV16NetworkInterface  BUILD/RHOMBIO_L476DMW1K/ARM/mbed-os/features/netsocket/NetworkInterface.o
    0x08018528   0x00000058   Data   RO        17008    .rodata._ZTV9UDPSocket  BUILD/RHOMBIO_L476DMW1K/ARM/mbed-os/features/netsocket/UDPSocket.o
    0x08018580   0x00000018   Data   RO         1369    .rodata._ZTVN4mbed10SerialBaseE  BUILD/RHOMBIO_L476DMW1K/ARM/mbed-os/drivers/SerialBase.o
    0x08018598   0x000000ac   Data   RO         1529    .rodata._ZTVN4mbed10UARTSerialE  BUILD/RHOMBIO_L476DMW1K/ARM/mbed-os/drivers/UARTSerial.o
    0x08018644   0x00000034   Data   RO         2325    .rodata._ZTVN4mbed11CellularSMSE  BUILD/RHOMBIO_L476DMW1K/ARM/mbed-os/features/cellular/framework/AT/AT_CellularSMS.o
    0x08018678   0x00000010   Data   RO         1033    .rodata._ZTVN4mbed11InterruptInE  BUILD/RHOMBIO_L476DMW1K/ARM/mbed-os/drivers/InterruptIn.o
    0x08018688   0x00000094   Data   RO         2764    .rodata._ZTVN4mbed12QUECTEL_BC95E  BUILD/RHOMBIO_L476DMW1K/ARM/mbed-os/features/cellular/framework/targets/QUECTEL/BC95/QUECTEL_BC95.o
    0x0801871c   0x00000034   Data   RO         2312    .rodata._ZTVN4mbed14AT_CellularSMSE  BUILD/RHOMBIO_L476DMW1K/ARM/mbed-os/features/cellular/framework/AT/AT_CellularSMS.o
    0x08018750   0x0000007c   Data   RO         2512    .rodata._ZTVN4mbed14CellularDeviceE  BUILD/RHOMBIO_L476DMW1K/ARM/mbed-os/features/cellular/framework/device/CellularDevice.o
    0x080187cc   0x000000c0   Data   RO         2451    .rodata._ZTVN4mbed15CellularContextE  BUILD/RHOMBIO_L476DMW1K/ARM/mbed-os/features/cellular/framework/device/CellularContext.o
    0x0801888c   0x00000064   Data   RO         2243    .rodata._ZTVN4mbed15CellularNetworkE  BUILD/RHOMBIO_L476DMW1K/ARM/mbed-os/features/cellular/framework/AT/AT_CellularNetwork.o
    0x080188f0   0x00000090   Data   RO         2366    .rodata._ZTVN4mbed16AT_CellularStackE  BUILD/RHOMBIO_L476DMW1K/ARM/mbed-os/features/cellular/framework/AT/AT_CellularStack.o
    0x08018980   0x00000094   Data   RO         2109    .rodata._ZTVN4mbed17AT_CellularDeviceE  BUILD/RHOMBIO_L476DMW1K/ARM/mbed-os/features/cellular/framework/AT/AT_CellularDevice.o
    0x08018a14   0x000000e8   Data   RO         1981    .rodata._ZTVN4mbed18AT_CellularContextE  BUILD/RHOMBIO_L476DMW1K/ARM/mbed-os/features/cellular/framework/AT/AT_CellularContext.o
    0x08018afc   0x0000006c   Data   RO         2219    .rodata._ZTVN4mbed18AT_CellularNetworkE  BUILD/RHOMBIO_L476DMW1K/ARM/mbed-os/features/cellular/framework/AT/AT_CellularNetwork.o
    0x08018b68   0x00000028   Data   RO         2145    .rodata._ZTVN4mbed19CellularInformationE  BUILD/RHOMBIO_L476DMW1K/ARM/mbed-os/features/cellular/framework/AT/AT_CellularInformation.o
    0x08018b90   0x00000028   Data   RO         2140    .rodata._ZTVN4mbed22AT_CellularInformationE  BUILD/RHOMBIO_L476DMW1K/ARM/mbed-os/features/cellular/framework/AT/AT_CellularInformation.o
    0x08018bb8   0x00000090   Data   RO         2831    .rodata._ZTVN4mbed26QUECTEL_BC95_CellularStackE  BUILD/RHOMBIO_L476DMW1K/ARM/mbed-os/features/cellular/framework/targets/QUECTEL/BC95/QUECTEL_BC95_CellularStack.o
    0x08018c48   0x000000e8   Data   RO         2781    .rodata._ZTVN4mbed28QUECTEL_BC95_CellularContextE  BUILD/RHOMBIO_L476DMW1K/ARM/mbed-os/features/cellular/framework/targets/QUECTEL/BC95/QUECTEL_BC95_CellularContext.o
    0x08018d30   0x0000006c   Data   RO         2801    .rodata._ZTVN4mbed28QUECTEL_BC95_CellularNetworkE  BUILD/RHOMBIO_L476DMW1K/ARM/mbed-os/features/cellular/framework/targets/QUECTEL/BC95/QUECTEL_BC95_CellularNetwork.o
    0x08018d9c   0x00000028   Data   RO         2791    .rodata._ZTVN4mbed32QUECTEL_BC95_CellularInformationE  BUILD/RHOMBIO_L476DMW1K/ARM/mbed-os/features/cellular/framework/targets/QUECTEL/BC95/QUECTEL_BC95_CellularInformation.o
    0x08018dc4   0x00000014   Data   RO         1843    .rodata._ZTVN4mbed9ATHandlerE  BUILD/RHOMBIO_L476DMW1K/ARM/mbed-os/features/cellular/framework/AT/ATHandler.o
    0x08018dd8   0x00000010   Data   RO        20862    .rodata._ZTVN4rtos6ThreadE  BUILD/RHOMBIO_L476DMW1K/ARM/mbed-os/rtos/Thread.o
    0x08018de8   0x0000000c   Data   RO        16785    .rodata._ZZN4mbed8CallbackIFiiNS0_IFvvEEEEE8generateINS4_14method_contextI12NetworkStackMS7_FiiS2_EEEEEvRKT_E3ops  BUILD/RHOMBIO_L476DMW1K/ARM/mbed-os/features/netsocket/NetworkStack.o
    0x08018df4   0x0000000c   Data   RO         2520    .rodata._ZZN4mbed8CallbackIFv11nsapi_eventiEE8generateINS3_14method_contextINS_14CellularDeviceEMS6_FvS1_iEEEEEvRKT_E3ops  BUILD/RHOMBIO_L476DMW1K/ARM/mbed-os/features/cellular/framework/device/CellularDevice.o
    0x08018e00   0x0000000c   Data   RO         2031    .rodata._ZZN4mbed8CallbackIFvNS_15CellularNetwork18CIoT_Supported_OptEEE8generateINS4_14method_contextINS_18AT_CellularContextEMS7_FvS2_EEEEEvRKT_E3ops  BUILD/RHOMBIO_L476DMW1K/ARM/mbed-os/features/cellular/framework/AT/AT_CellularContext.o
    0x08018e0c   0x0000000c   Data   RO         2626    .rodata._ZZN4mbed8CallbackIFvNS_20CellularStateMachine13CellularStateEEE8generateINS4_14method_contextIS1_MS1_FvS2_EEEEEvRKT_E3ops  BUILD/RHOMBIO_L476DMW1K/ARM/mbed-os/features/cellular/framework/device/CellularStateMachine.o
    0x08018e18   0x0000000c   Data   RO        16540    .rodata._ZZN4mbed8CallbackIFvvEE8generateINS2_14method_contextI14InternetSocketMS5_FvvEEEEEvRKT_E3ops  BUILD/RHOMBIO_L476DMW1K/ARM/mbed-os/features/netsocket/InternetSocket.o
    0x08018e24   0x0000000c   Data   RO         1685    .rodata._ZZN4mbed8CallbackIFvvEE8generateINS2_14method_contextIN6events10EventQueueEMS6_FvvEEEEEvRKT_E3ops  BUILD/RHOMBIO_L476DMW1K/ARM/mbed-os/events/mbed_shared_queues.o
    0x08018e30   0x0000000c   Data   RO         1554    .rodata._ZZN4mbed8CallbackIFvvEE8generateINS2_14method_contextINS_10UARTSerialEMS5_FvvEEEEEvRKT_E3ops  BUILD/RHOMBIO_L476DMW1K/ARM/mbed-os/drivers/UARTSerial.o
    0x08018e3c   0x0000000c   Data   RO         2326    .rodata._ZZN4mbed8CallbackIFvvEE8generateINS2_14method_contextINS_14AT_CellularSMSEMS5_FvvEEEEEvRKT_E3ops  BUILD/RHOMBIO_L476DMW1K/ARM/mbed-os/features/cellular/framework/AT/AT_CellularSMS.o
    0x08018e48   0x0000000c   Data   RO         2464    .rodata._ZZN4mbed8CallbackIFvvEE8generateINS2_14method_contextINS_15CellularContextEMS5_FvvEEEEEvRKT_E3ops  BUILD/RHOMBIO_L476DMW1K/ARM/mbed-os/features/cellular/framework/device/CellularContext.o
    0x08018e54   0x0000000c   Data   RO         2118    .rodata._ZZN4mbed8CallbackIFvvEE8generateINS2_14method_contextINS_17AT_CellularDeviceEMS5_FvvEEEEEvRKT_E3ops  BUILD/RHOMBIO_L476DMW1K/ARM/mbed-os/features/cellular/framework/AT/AT_CellularDevice.o
    0x08018e60   0x0000000c   Data   RO         2030    .rodata._ZZN4mbed8CallbackIFvvEE8generateINS2_14method_contextINS_18AT_CellularContextEMS5_FvvEEEEEvRKT_E3ops  BUILD/RHOMBIO_L476DMW1K/ARM/mbed-os/features/cellular/framework/AT/AT_CellularContext.o
    0x08018e6c   0x0000000c   Data   RO         2244    .rodata._ZZN4mbed8CallbackIFvvEE8generateINS2_14method_contextINS_18AT_CellularNetworkEMS5_FvvEEEEEvRKT_E3ops  BUILD/RHOMBIO_L476DMW1K/ARM/mbed-os/features/cellular/framework/AT/AT_CellularNetwork.o
    0x08018e78   0x0000000c   Data   RO         2625    .rodata._ZZN4mbed8CallbackIFvvEE8generateINS2_14method_contextINS_20CellularStateMachineEMS5_FvvEEEEEvRKT_E3ops  BUILD/RHOMBIO_L476DMW1K/ARM/mbed-os/features/cellular/framework/device/CellularStateMachine.o
    0x08018e84   0x0000000c   Data   RO         2839    .rodata._ZZN4mbed8CallbackIFvvEE8generateINS2_14method_contextINS_26QUECTEL_BC95_CellularStackEMS5_FvvEEEEEvRKT_E3ops  BUILD/RHOMBIO_L476DMW1K/ARM/mbed-os/features/cellular/framework/targets/QUECTEL/BC95/QUECTEL_BC95_CellularStack.o
    0x08018e90   0x0000000c   Data   RO         1851    .rodata._ZZN4mbed8CallbackIFvvEE8generateINS2_14method_contextINS_9ATHandlerEMS5_FvvEEEEEvRKT_E3ops  BUILD/RHOMBIO_L476DMW1K/ARM/mbed-os/features/cellular/framework/AT/ATHandler.o
    0x08018e9c   0x0000000c   Data   RO        17163    .rodata._ZZN4mbed8CallbackIFvvEE8generateINS2_16function_contextIPFvP12NetworkStackES5_EEEEvRKT_E3ops  BUILD/RHOMBIO_L476DMW1K/ARM/mbed-os/features/netsocket/nsapi_dns.o
    0x08018ea8   0x0000000c   Data   RO        17162    .rodata._ZZN4mbed8CallbackIFvvEE8generateINS2_16function_contextIPFvPvEvEEEEvRKT_E3ops  BUILD/RHOMBIO_L476DMW1K/ARM/mbed-os/features/netsocket/nsapi_dns.o
    0x08018eb4   0x0000000c   Data   RO           32    .rodata._ZZN4mbed8CallbackIFvvEE8generateIPS1_EEvRKT_E3ops  BUILD/RHOMBIO_L476DMW1K/ARM/main.o
    0x08018ec0   0x00000008   Data   RO        19946    .rodata.__stderr_name  BUILD/RHOMBIO_L476DMW1K/ARM/mbed-os/platform/mbed_retarget.o
    0x08018ec8   0x00000007   Data   RO        19944    .rodata.__stdin_name  BUILD/RHOMBIO_L476DMW1K/ARM/mbed-os/platform/mbed_retarget.o
    0x08018ecf   0x00000008   Data   RO        19945    .rodata.__stdout_name  BUILD/RHOMBIO_L476DMW1K/ARM/mbed-os/platform/mbed_retarget.o
    0x08018ed7   0x00000010   Data   RO         1984    .rodata.cst16       BUILD/RHOMBIO_L476DMW1K/ARM/mbed-os/features/cellular/framework/AT/AT_CellularContext.o
    0x08018ee7   0x00000001   PAD
    0x08018ee8   0x00000040   Data   RO        24347    .rodata.ll_pin_defines  BUILD/RHOMBIO_L476DMW1K/ARM/mbed-os/targets/TARGET_STM/pinmap.o
    0x08018f28   0x00000004   Data   RO        19555    .rodata.mbed_fault_context  BUILD/RHOMBIO_L476DMW1K/ARM/mbed-os/platform/TARGET_CORTEX_M/mbed_fault_handler.o
    0x08018f2c   0x00000004   Data   RO        20433    .rodata.osRtxUserSVC  BUILD/RHOMBIO_L476DMW1K/ARM/mbed-os/rtos/TARGET_CORTEX/rtx5/RTX/Source/rtx_lib.o
    0x08018f30   0x00000024   Data   RO        20428    .rodata.os_idle_thread_attr  BUILD/RHOMBIO_L476DMW1K/ARM/mbed-os/rtos/TARGET_CORTEX/rtx5/RTX/Source/rtx_lib.o
    0x08018f54   0x00000018   Data   RO        20430    .rodata.os_timer_mq_attr  BUILD/RHOMBIO_L476DMW1K/ARM/mbed-os/rtos/TARGET_CORTEX/rtx5/RTX/Source/rtx_lib.o
    0x08018f6c   0x00000024   Data   RO        20429    .rodata.os_timer_thread_attr  BUILD/RHOMBIO_L476DMW1K/ARM/mbed-os/rtos/TARGET_CORTEX/rtx5/RTX/Source/rtx_lib.o
    0x08018f90   0x000000c0   Data   RO        24065    .rodata.pin_lines_desc  BUILD/RHOMBIO_L476DMW1K/ARM/mbed-os/targets/TARGET_STM/TARGET_STM32L4/gpio_irq_device.o
    0x08019050   0x000000b9   Data   RO           17    .rodata.str1.1      BUILD/RHOMBIO_L476DMW1K/ARM/main.o
    0x08019109   0x00000045   Data   RO         1253    .rodata.str1.1      BUILD/RHOMBIO_L476DMW1K/ARM/mbed-os/drivers/SPI.o
    0x0801914e   0x00000037   Data   RO         1666    .rodata.str1.1      BUILD/RHOMBIO_L476DMW1K/ARM/mbed-os/events/mbed_shared_queues.o
    0x08019185   0x00000027   Data   RO         1837    .rodata.str1.1      BUILD/RHOMBIO_L476DMW1K/ARM/mbed-os/features/cellular/framework/AT/ATHandler.o
    0x080191ac   0x00000176   Data   RO         1982    .rodata.str1.1      BUILD/RHOMBIO_L476DMW1K/ARM/mbed-os/features/cellular/framework/AT/AT_CellularContext.o
    0x08019322   0x0000008e   Data   RO         2110    .rodata.str1.1      BUILD/RHOMBIO_L476DMW1K/ARM/mbed-os/features/cellular/framework/AT/AT_CellularDevice.o
    0x080193b0   0x000000de   Data   RO         2221    .rodata.str1.1      BUILD/RHOMBIO_L476DMW1K/ARM/mbed-os/features/cellular/framework/AT/AT_CellularNetwork.o
    0x0801948e   0x00000027   Data   RO         2313    .rodata.str1.1      BUILD/RHOMBIO_L476DMW1K/ARM/mbed-os/features/cellular/framework/AT/AT_CellularSMS.o
    0x080194b5   0x00000011   Data   RO         2424    .rodata.str1.1      BUILD/RHOMBIO_L476DMW1K/ARM/mbed-os/features/cellular/framework/common/CellularUtil.o
    0x080194c6   0x00000040   Data   RO         2513    .rodata.str1.1      BUILD/RHOMBIO_L476DMW1K/ARM/mbed-os/features/cellular/framework/device/CellularDevice.o
    0x08019506   0x00000064   Data   RO         2596    .rodata.str1.1      BUILD/RHOMBIO_L476DMW1K/ARM/mbed-os/features/cellular/framework/device/CellularStateMachine.o
    0x0801956a   0x000000a3   Data   RO         2832    .rodata.str1.1      BUILD/RHOMBIO_L476DMW1K/ARM/mbed-os/features/cellular/framework/targets/QUECTEL/BC95/QUECTEL_BC95_CellularStack.o
    0x0801960d   0x0000005a   Data   RO        16730    .rodata.str1.1      BUILD/RHOMBIO_L476DMW1K/ARM/mbed-os/features/netsocket/NetworkStack.o
    0x08019667   0x00000020   Data   RO        19318    .rodata.str1.1      BUILD/RHOMBIO_L476DMW1K/ARM/mbed-os/hal/mbed_ticker_api.o
    0x08019687   0x000000a5   Data   RO        19556    .rodata.str1.1      BUILD/RHOMBIO_L476DMW1K/ARM/mbed-os/platform/TARGET_CORTEX_M/mbed_fault_handler.o
    0x0801972c   0x00000153   Data   RO        19732    .rodata.str1.1      BUILD/RHOMBIO_L476DMW1K/ARM/mbed-os/platform/mbed_error.o
    0x0801987f   0x0000005c   Data   RO        19954    .rodata.str1.1      BUILD/RHOMBIO_L476DMW1K/ARM/mbed-os/platform/mbed_retarget.o
    0x080198db   0x00000047   Data   RO        20049    .rodata.str1.1      BUILD/RHOMBIO_L476DMW1K/ARM/mbed-os/platform/mbed_wait_api_rtos.o
    0x08019922   0x00000012   Data   RO        20125    .rodata.str1.1      BUILD/RHOMBIO_L476DMW1K/ARM/mbed-os/rtos/Mutex.o
    0x08019934   0x00000019   Data   RO        20160    .rodata.str1.1      BUILD/RHOMBIO_L476DMW1K/ARM/mbed-os/rtos/Semaphore.o
    0x0801994d   0x00000138   Data   RO        20237    .rodata.str1.1      BUILD/RHOMBIO_L476DMW1K/ARM/mbed-os/rtos/TARGET_CORTEX/mbed_rtx_handlers.o
    0x08019a85   0x00000013   Data   RO        20434    .rodata.str1.1      BUILD/RHOMBIO_L476DMW1K/ARM/mbed-os/rtos/TARGET_CORTEX/rtx5/RTX/Source/rtx_lib.o
    0x08019a98   0x0000001e   Data   RO        20803    .rodata.str1.1      BUILD/RHOMBIO_L476DMW1K/ARM/mbed-os/rtos/ThisThread.o
    0x08019ab6   0x0000001b   Data   RO        20861    .rodata.str1.1      BUILD/RHOMBIO_L476DMW1K/ARM/mbed-os/rtos/Thread.o
    0x08019ad1   0x00000039   Data   RO        24348    .rodata.str1.1      BUILD/RHOMBIO_L476DMW1K/ARM/mbed-os/targets/TARGET_STM/pinmap.o
    0x08019b0a   0x0000002a   Data   RO        24470    .rodata.str1.1      BUILD/RHOMBIO_L476DMW1K/ARM/mbed-os/targets/TARGET_STM/serial_api.o
    0x08019b34   0x00000021   Data   RO         2111    .rodata.str1.4      BUILD/RHOMBIO_L476DMW1K/ARM/mbed-os/features/cellular/framework/AT/AT_CellularDevice.o
    0x08019b55   0x00000003   PAD
    0x08019b58   0x0000000b   Data   RO        20422    .rodata.str1.4      BUILD/RHOMBIO_L476DMW1K/ARM/mbed-os/rtos/TARGET_CORTEX/rtx5/RTX/Source/rtx_kernel.o
    0x08019b63   0x00000001   PAD
    0x08019b64   0x00000008   Data   RO        19328    .rodata.us_data     BUILD/RHOMBIO_L476DMW1K/ARM/mbed-os/hal/mbed_us_ticker_api.o
    0x08019b6c   0x00000024   Data   RO        19330    .rodata.us_interface  BUILD/RHOMBIO_L476DMW1K/ARM/mbed-os/hal/mbed_us_ticker_api.o
    0x08019b90   0x00000008   Data   RO        24564    .rodata.us_ticker_get_info.info  BUILD/RHOMBIO_L476DMW1K/ARM/mbed-os/targets/TARGET_STM/us_ticker.o
    0x08019b98   0x00000020   Data   RO        26497    Region$$Table       anon$$obj.o
    0x08019bb8   0x00000110   Data   RO        26113    locale$$data        C:/Keil_v5/ARM/ARMCCv611/lib\armlib\c_w.l(lc_ctype_c.o)
    0x08019cc8   0x0000001c   Data   RO        26310    locale$$data        C:/Keil_v5/ARM/ARMCCv611/lib\armlib\c_w.l(lc_numeric_c.o)
    0x08019ce4   0x00000004   Data   RO           21    .init_array         BUILD/RHOMBIO_L476DMW1K/ARM/main.o
    0x08019ce8   0x00000004   Data   RO          463    .init_array         BUILD/RHOMBIO_L476DMW1K/ARM/mbed-os/components/storage/blockdevice/COMPONENT_QSPIF/QSPIFBlockDevice.o
    0x08019cec   0x00000000   Data   RO        25861    .init_array         C:/Keil_v5/ARM/ARMCCv611/lib\armlib\c_w.l(init_aeabi.o)


    Execution Region RW_IRAM2 (Base: 0x10000188, Size: 0x00000000, Max: 0x00007e78, ABSOLUTE)

    **** No section assigned to this execution region ****


    Execution Region RW_m_crash_data (Base: 0x20000000, Size: 0x00000100, Max: 0x00000100, ABSOLUTE)

    Base Addr    Size         Type   Attr      Idx    E Section Name        Object

    0x20000000   0x00000100   Zero   RW            1    RW_m_crash_data.bss  anon$$obj.o


    Execution Region RW_IRAM1 (Base: 0x20000100, Size: 0x00003930, Max: 0x00017b00, ABSOLUTE, COMPRESSED[0x00000078])

    Base Addr    Size         Type   Attr      Idx    E Section Name        Object

    0x20000100   0x00000004   Data   RW        25779    .data               C:/Keil_v5/ARM/ARMCCv611/lib\armlib\c_w.l(stdio_streams.o)
    0x20000104   0x00000004   Data   RW        25780    .data               C:/Keil_v5/ARM/ARMCCv611/lib\armlib\c_w.l(stdio_streams.o)
    0x20000108   0x00000004   Data   RW        25781    .data               C:/Keil_v5/ARM/ARMCCv611/lib\armlib\c_w.l(stdio_streams.o)
    0x2000010c   0x00000004   Data   RW        26102    .data               C:/Keil_v5/ARM/ARMCCv611/lib\armlib\c_w.l(streamlock.o)
    0x20000110   0x00000004   Data   RW         1840    .data.CME_ERROR     BUILD/RHOMBIO_L476DMW1K/ARM/mbed-os/features/cellular/framework/AT/ATHandler.o
    0x20000114   0x00000004   Data   RW         1841    .data.CMS_ERROR     BUILD/RHOMBIO_L476DMW1K/ARM/mbed-os/features/cellular/framework/AT/ATHandler.o
    0x20000118   0x00000004   Data   RW         1842    .data.ERROR_        BUILD/RHOMBIO_L476DMW1K/ARM/mbed-os/features/cellular/framework/AT/ATHandler.o
    0x2000011c   0x00000004   Data   RW        24041    .data.SystemCoreClock  BUILD/RHOMBIO_L476DMW1K/ARM/mbed-os/targets/TARGET_STM/TARGET_STM32L4/device/system_stm32l4xx.o
    0x20000120   0x00000055   Data   RW        17135    .data._ZL11dns_servers  BUILD/RHOMBIO_L476DMW1K/ARM/mbed-os/features/netsocket/nsapi_dns.o
    0x20000175   0x00000003   PAD
    0x20000178   0x00000040   Data   RW        19959    .data._ZL11filehandles  BUILD/RHOMBIO_L476DMW1K/ARM/mbed-os/platform/mbed_retarget.o
    0x200001b8   0x00000004   Data   RW        17133    .data._ZL13dns_unique_id  BUILD/RHOMBIO_L476DMW1K/ARM/mbed-os/features/netsocket/nsapi_dns.o
    0x200001bc   0x00000002   Data   RW        17138    .data._ZL14dns_message_id  BUILD/RHOMBIO_L476DMW1K/ARM/mbed-os/features/netsocket/nsapi_dns.o
    0x200001be   0x00000002   PAD
    0x200001c0   0x00000004   Data   RW        20246    .data._ZL14idle_hook_fptr  BUILD/RHOMBIO_L476DMW1K/ARM/mbed-os/rtos/TARGET_CORTEX/mbed_rtx_idle.o
    0x200001c4   0x00000004   Data   RW         1838    .data._ZN4mbed2OKE  BUILD/RHOMBIO_L476DMW1K/ARM/mbed-os/features/cellular/framework/AT/ATHandler.o
    0x200001c8   0x00000004   Data   RW         1839    .data._ZN4mbed4CRLFE  BUILD/RHOMBIO_L476DMW1K/ARM/mbed-os/features/cellular/framework/AT/ATHandler.o
    0x200001cc   0x00000008   Data   RW        16661    .data._ZZL29get_interface_event_list_headvE10event_list  BUILD/RHOMBIO_L476DMW1K/ARM/mbed-os/features/netsocket/NetworkInterface.o
    0x200001d4   0x00000002   Data   RW         2425    .data._ZZN18mbed_cellular_util19get_dynamic_ip_portEvE12port_counter  BUILD/RHOMBIO_L476DMW1K/ARM/mbed-os/features/cellular/framework/common/CellularUtil.o
    0x200001d6   0x00000002   PAD
    0x200001d8   0x00000004   Data   RW           18    .data.host_name     BUILD/RHOMBIO_L476DMW1K/ARM/main.o
    0x200001dc   0x00000004   Data   RW        19329    .data.irq_handler   BUILD/RHOMBIO_L476DMW1K/ARM/mbed-os/hal/mbed_us_ticker_api.o
    0x200001e0   0x000000a4   Data   RW        20423    .data.os            BUILD/RHOMBIO_L476DMW1K/ARM/mbed-os/rtos/TARGET_CORTEX/rtx5/RTX/Source/rtx_kernel.o
    0x20000284   0x00000054   Zero   RW        25776    .bss                C:/Keil_v5/ARM/ARMCCv611/lib\armlib\c_w.l(stdio_streams.o)
    0x200002d8   0x00000054   Zero   RW        25777    .bss                C:/Keil_v5/ARM/ARMCCv611/lib\armlib\c_w.l(stdio_streams.o)
    0x2000032c   0x00000054   Zero   RW        25778    .bss                C:/Keil_v5/ARM/ARMCCv611/lib\armlib\c_w.l(stdio_streams.o)
    0x20000380   0x00000060   Zero   RW        25980    .bss                C:/Keil_v5/ARM/ARMCCv611/lib\armlib\c_w.l(libspace.o)
    0x200003e0   0x00000001   Zero   RW        20770    .bss.PendST         BUILD/RHOMBIO_L476DMW1K/ARM/mbed-os/rtos/TARGET_CORTEX/rtx5/Source/os_systick.o
    0x200003e1   0x00000003   PAD
    0x200003e4   0x00000040   Zero   RW        24565    .bss.TimMasterHandle  BUILD/RHOMBIO_L476DMW1K/ARM/mbed-os/targets/TARGET_STM/us_ticker.o
    0x20000424   0x00000004   Zero   RW        19961    .bss._ZGVZL15default_consolevE7console  BUILD/RHOMBIO_L476DMW1K/ARM/mbed-os/platform/mbed_retarget.o
    0x20000428   0x00000004   Zero   RW        16729    .bss._ZGVZN12NetworkStack7call_inEiN4mbed8CallbackIFvvEEEE11event_queue  BUILD/RHOMBIO_L476DMW1K/ARM/mbed-os/features/netsocket/NetworkStack.o
    0x2000042c   0x00000004   Zero   RW         2769    .bss._ZGVZN4mbed14CellularDevice20get_default_instanceEvE6device  BUILD/RHOMBIO_L476DMW1K/ARM/mbed-os/features/cellular/framework/targets/QUECTEL/BC95/QUECTEL_BC95.o
    0x20000430   0x00000004   Zero   RW         2767    .bss._ZGVZN4mbed14CellularDevice20get_default_instanceEvE6serial  BUILD/RHOMBIO_L476DMW1K/ARM/mbed-os/features/cellular/framework/targets/QUECTEL/BC95/QUECTEL_BC95.o
    0x20000434   0x00000004   Zero   RW         2448    .bss._ZGVZN4mbed15CellularContext20get_default_instanceEvE7context  BUILD/RHOMBIO_L476DMW1K/ARM/mbed-os/features/cellular/framework/device/CellularContext.o
    0x20000438   0x00000004   Zero   RW         1681    .bss._ZGVZN4mbed33do_shared_event_queue_with_threadIL12osPriority_t24ELj768ELj2048EEEPN6events10EventQueueEPKcE5queue  BUILD/RHOMBIO_L476DMW1K/ARM/mbed-os/events/mbed_shared_queues.o
    0x2000043c   0x00000004   Zero   RW         1684    .bss._ZGVZN4mbed33do_shared_event_queue_with_threadIL12osPriority_t24ELj768ELj2048EEEPN6events10EventQueueEPKcE6thread  BUILD/RHOMBIO_L476DMW1K/ARM/mbed-os/events/mbed_shared_queues.o
    0x20000440   0x00000014   Zero   RW        17130    .bss._ZL11dns_call_in  BUILD/RHOMBIO_L476DMW1K/ARM/mbed-os/features/netsocket/nsapi_dns.o
    0x20000454   0x00000024   Zero   RW           19    .bss._ZL11trace_mutex  BUILD/RHOMBIO_L476DMW1K/ARM/main.o
    0x20000478   0x00000010   Zero   RW        19951    .bss._ZL13stdio_in_prev  BUILD/RHOMBIO_L476DMW1K/ARM/mbed-os/platform/mbed_retarget.o
    0x20000488   0x00000010   Zero   RW        19952    .bss._ZL14stdio_out_prev  BUILD/RHOMBIO_L476DMW1K/ARM/mbed-os/platform/mbed_retarget.o
    0x20000498   0x00000028   Zero   RW        17136    .bss._ZL15dns_cache_mutex  BUILD/RHOMBIO_L476DMW1K/ARM/mbed-os/features/netsocket/nsapi_dns.o
    0x200004c0   0x00000014   Zero   RW        17132    .bss._ZL15dns_query_queue  BUILD/RHOMBIO_L476DMW1K/ARM/mbed-os/features/netsocket/nsapi_dns.o
    0x200004d4   0x00000028   Zero   RW        19949    .bss._ZL16filehandle_mutex  BUILD/RHOMBIO_L476DMW1K/ARM/mbed-os/platform/mbed_retarget.o
    0x200004fc   0x00000001   Zero   RW        17134    .bss._ZL17dns_timer_running  BUILD/RHOMBIO_L476DMW1K/ARM/mbed-os/features/netsocket/nsapi_dns.o
    0x200004fd   0x00000003   PAD
    0x20000500   0x0000000c   Zero   RW        17137    .bss._ZL9dns_cache  BUILD/RHOMBIO_L476DMW1K/ARM/mbed-os/features/netsocket/nsapi_dns.o
    0x2000050c   0x00000028   Zero   RW        17131    .bss._ZL9dns_mutex  BUILD/RHOMBIO_L476DMW1K/ARM/mbed-os/features/netsocket/nsapi_dns.o
    0x20000534   0x00000004   Zero   RW          460    .bss._ZN16QSPIFBlockDevice28_active_qspif_flash_csel_arrE  BUILD/RHOMBIO_L476DMW1K/ARM/mbed-os/components/storage/blockdevice/COMPONENT_QSPIF/QSPIFBlockDevice.o
    0x20000538   0x00000004   Zero   RW         1873    .bss._ZN4mbed15AT_CellularBase15_property_arrayE  BUILD/RHOMBIO_L476DMW1K/ARM/mbed-os/features/cellular/framework/AT/AT_CellularBase.o
    0x2000053c   0x00000004   Zero   RW        19445    .bss._ZN4mbed8FileBase5_headE  BUILD/RHOMBIO_L476DMW1K/ARM/mbed-os/platform/FileBase.o
    0x20000540   0x00000028   Zero   RW        19446    .bss._ZN4mbed8FileBase6_mutexE  BUILD/RHOMBIO_L476DMW1K/ARM/mbed-os/platform/FileBase.o
    0x20000568   0x00000004   Zero   RW        19447    .bss._ZN4mbed8FileBase8_defaultE  BUILD/RHOMBIO_L476DMW1K/ARM/mbed-os/platform/FileBase.o
    0x2000056c   0x00000004   Zero   RW         1861    .bss._ZN4mbed9ATHandler11_atHandlersE  BUILD/RHOMBIO_L476DMW1K/ARM/mbed-os/features/cellular/framework/AT/ATHandler_factory.o
    0x20000570   0x000002a8   Zero   RW        19960    .bss._ZZL15default_consolevE7console  BUILD/RHOMBIO_L476DMW1K/ARM/mbed-os/platform/mbed_retarget.o
    0x20000818   0x00000004   Zero   RW        16728    .bss._ZZN12NetworkStack7call_inEiN4mbed8CallbackIFvvEEEE11event_queue  BUILD/RHOMBIO_L476DMW1K/ARM/mbed-os/features/netsocket/NetworkStack.o
    0x2000081c   0x000000e4   Zero   RW         2768    .bss._ZZN4mbed14CellularDevice20get_default_instanceEvE6device  BUILD/RHOMBIO_L476DMW1K/ARM/mbed-os/features/cellular/framework/targets/QUECTEL/BC95/QUECTEL_BC95.o
    0x20000900   0x000002a8   Zero   RW         2766    .bss._ZZN4mbed14CellularDevice20get_default_instanceEvE6serial  BUILD/RHOMBIO_L476DMW1K/ARM/mbed-os/features/cellular/framework/targets/QUECTEL/BC95/QUECTEL_BC95.o
    0x20000ba8   0x00000004   Zero   RW         2447    .bss._ZZN4mbed15CellularContext20get_default_instanceEvE7context  BUILD/RHOMBIO_L476DMW1K/ARM/mbed-os/features/cellular/framework/device/CellularContext.o
    0x20000bac   0x00000004   PAD
    0x20000bb0   0x00000300   Zero   RW         1679    .bss._ZZN4mbed33do_shared_event_queue_with_threadIL12osPriority_t24ELj768ELj2048EEEPN6events10EventQueueEPKcE12queue_buffer  BUILD/RHOMBIO_L476DMW1K/ARM/mbed-os/events/mbed_shared_queues.o
    0x20000eb0   0x0000005c   Zero   RW         1680    .bss._ZZN4mbed33do_shared_event_queue_with_threadIL12osPriority_t24ELj768ELj2048EEEPN6events10EventQueueEPKcE5queue  BUILD/RHOMBIO_L476DMW1K/ARM/mbed-os/events/mbed_shared_queues.o
    0x20000f0c   0x00000004   PAD
    0x20000f10   0x00000800   Zero   RW         1682    .bss._ZZN4mbed33do_shared_event_queue_with_threadIL12osPriority_t24ELj768ELj2048EEEPN6events10EventQueueEPKcE5stack  BUILD/RHOMBIO_L476DMW1K/ARM/mbed-os/events/mbed_shared_queues.o
    0x20001710   0x000000c0   Zero   RW         1683    .bss._ZZN4mbed33do_shared_event_queue_with_threadIL12osPriority_t24ELj768ELj2048EEEPN6events10EventQueueEPKcE6thread  BUILD/RHOMBIO_L476DMW1K/ARM/mbed-os/events/mbed_shared_queues.o
    0x200017d0   0x00000004   Zero   RW        20100    .bss._ZZN4rtos6Kernel12get_ms_countEvE6tick_h  BUILD/RHOMBIO_L476DMW1K/ARM/mbed-os/rtos/Kernel.o
    0x200017d4   0x00000004   Zero   RW        20101    .bss._ZZN4rtos6Kernel12get_ms_countEvE6tick_l  BUILD/RHOMBIO_L476DMW1K/ARM/mbed-os/rtos/Kernel.o
    0x200017d8   0x00001000   Zero   RW        20201    .bss._main_stack    BUILD/RHOMBIO_L476DMW1K/ARM/mbed-os/rtos/TARGET_CORTEX/mbed_rtos_rtx.o
    0x200027d8   0x00000024   Zero   RW        20202    .bss._main_thread_attr  BUILD/RHOMBIO_L476DMW1K/ARM/mbed-os/rtos/TARGET_CORTEX/mbed_rtos_rtx.o
    0x200027fc   0x00000020   Zero   RW        20178    .bss._static_mutexes  BUILD/RHOMBIO_L476DMW1K/ARM/mbed-os/rtos/TARGET_CORTEX/TOOLCHAIN_ARM_STD/mbed_boot_arm_std.o
    0x2000281c   0x000000e0   Zero   RW        20179    .bss._static_mutexes_mem  BUILD/RHOMBIO_L476DMW1K/ARM/mbed-os/rtos/TARGET_CORTEX/TOOLCHAIN_ARM_STD/mbed_boot_arm_std.o
    0x200028fc   0x00000004   Zero   RW        24164    .bss.can_irq_ids    BUILD/RHOMBIO_L476DMW1K/ARM/mbed-os/targets/TARGET_STM/can_api.o
    0x20002900   0x00000214   Zero   RW        24204    .bss.channels       BUILD/RHOMBIO_L476DMW1K/ARM/mbed-os/targets/TARGET_STM/gpio_irq_api.o
    0x20002b14   0x00000001   Zero   RW        19239    .bss.critical_interrupts_enabled  BUILD/RHOMBIO_L476DMW1K/ARM/mbed-os/hal/mbed_critical_section_api.o
    0x20002b15   0x00000003   PAD
    0x20002b18   0x00000004   Zero   RW        19684    .bss.critical_section_reentrancy_counter  BUILD/RHOMBIO_L476DMW1K/ARM/mbed-os/platform/mbed_critical.o
    0x20002b1c   0x00000002   Zero   RW        20019    .bss.deep_sleep_lock  BUILD/RHOMBIO_L476DMW1K/ARM/mbed-os/platform/mbed_sleep_manager.o
    0x20002b1e   0x00000002   PAD
    0x20002b20   0x000000c0   Zero   RW           20    .bss.dot_thread     BUILD/RHOMBIO_L476DMW1K/ARM/main.o
    0x20002be0   0x00000004   Zero   RW        19729    .bss.error_count    BUILD/RHOMBIO_L476DMW1K/ARM/mbed-os/platform/mbed_error.o
    0x20002be4   0x00000004   Zero   RW        19730    .bss.error_hook     BUILD/RHOMBIO_L476DMW1K/ARM/mbed-os/platform/mbed_error.o
    0x20002be8   0x00000001   Zero   RW        19726    .bss.error_in_progress  BUILD/RHOMBIO_L476DMW1K/ARM/mbed-os/platform/mbed_error.o
    0x20002be9   0x00000007   PAD
    0x20002bf0   0x00000040   Zero   RW        19331    .bss.events         BUILD/RHOMBIO_L476DMW1K/ARM/mbed-os/hal/mbed_us_ticker_api.o
    0x20002c30   0x00000054   Zero   RW        19554    .bss.fault_context  BUILD/RHOMBIO_L476DMW1K/ARM/mbed-os/platform/TARGET_CORTEX_M/mbed_fault_handler.o
    0x20002c84   0x00000034   Zero   RW        19728    .bss.first_error_ctx  BUILD/RHOMBIO_L476DMW1K/ARM/mbed-os/platform/mbed_error.o
    0x20002cb8   0x00000001   Zero   RW        19731    .bss.halt_in_progress  BUILD/RHOMBIO_L476DMW1K/ARM/mbed-os/platform/mbed_error.o
    0x20002cb9   0x00000003   PAD
    0x20002cbc   0x00000004   Zero   RW           16    .bss.iface          BUILD/RHOMBIO_L476DMW1K/ARM/main.o
    0x20002cc0   0x00000004   Zero   RW        24098    .bss.irq_handler    BUILD/RHOMBIO_L476DMW1K/ARM/mbed-os/targets/TARGET_STM/TARGET_STM32L4/serial_device.o
    0x20002cc4   0x00000004   Zero   RW        24163    .bss.irq_handler    BUILD/RHOMBIO_L476DMW1K/ARM/mbed-os/targets/TARGET_STM/can_api.o
    0x20002cc8   0x00000004   Zero   RW        24205    .bss.irq_handler    BUILD/RHOMBIO_L476DMW1K/ARM/mbed-os/targets/TARGET_STM/gpio_irq_api.o
    0x20002ccc   0x00000034   Zero   RW        19727    .bss.last_error_ctx  BUILD/RHOMBIO_L476DMW1K/ARM/mbed-os/platform/mbed_error.o
    0x20002d00   0x00000004   Zero   RW        19948    .bss.mbed_heap_size  BUILD/RHOMBIO_L476DMW1K/ARM/mbed-os/platform/mbed_retarget.o
    0x20002d04   0x00000004   Zero   RW        19947    .bss.mbed_heap_start  BUILD/RHOMBIO_L476DMW1K/ARM/mbed-os/platform/mbed_retarget.o
    0x20002d08   0x00000004   Zero   RW        24341    .bss.mbed_sdk_inited  BUILD/RHOMBIO_L476DMW1K/ARM/mbed-os/targets/TARGET_STM/mbed_overrides.o
    0x20002d0c   0x00000004   Zero   RW        20193    .bss.mbed_stack_isr_size  BUILD/RHOMBIO_L476DMW1K/ARM/mbed-os/rtos/TARGET_CORTEX/mbed_boot.o
    0x20002d10   0x00000004   Zero   RW        20192    .bss.mbed_stack_isr_start  BUILD/RHOMBIO_L476DMW1K/ARM/mbed-os/rtos/TARGET_CORTEX/mbed_boot.o
    0x20002d14   0x00000028   Zero   RW         7294    .bss.mbedtls_mutex  BUILD/RHOMBIO_L476DMW1K/ARM/mbed-os/features/mbedtls/platform/src/mbed_trng.o
    0x20002d3c   0x00000040   Zero   RW        20427    .bss.os             BUILD/RHOMBIO_L476DMW1K/ARM/mbed-os/rtos/TARGET_CORTEX/rtx5/RTX/Source/rtx_lib.o
    0x20002d7c   0x000001f0   Zero   RW        20177    .bss.os.libspace    BUILD/RHOMBIO_L476DMW1K/ARM/mbed-os/rtos/TARGET_CORTEX/TOOLCHAIN_ARM_STD/mbed_boot_arm_std.o
    0x20002f6c   0x00000034   Zero   RW        20437    .bss.os.msgqueue.cb  BUILD/RHOMBIO_L476DMW1K/ARM/mbed-os/rtos/TARGET_CORTEX/rtx5/RTX/Source/rtx_lib.o
    0x20002fa0   0x00000050   Zero   RW        20438    .bss.os.msgqueue.mem  BUILD/RHOMBIO_L476DMW1K/ARM/mbed-os/rtos/TARGET_CORTEX/rtx5/RTX/Source/rtx_lib.o
    0x20002ff0   0x00000044   Zero   RW        20203    .bss.os.thread.cb   BUILD/RHOMBIO_L476DMW1K/ARM/mbed-os/rtos/TARGET_CORTEX/mbed_rtos_rtx.o
    0x20003034   0x00000088   Zero   RW        20435    .bss.os.thread.cb   BUILD/RHOMBIO_L476DMW1K/ARM/mbed-os/rtos/TARGET_CORTEX/rtx5/RTX/Source/rtx_lib.o
    0x200030bc   0x00000004   PAD
    0x200030c0   0x00000600   Zero   RW        20436    .bss.os.thread.stack  BUILD/RHOMBIO_L476DMW1K/ARM/mbed-os/rtos/TARGET_CORTEX/rtx5/RTX/Source/rtx_lib.o
    0x200036c0   0x00000001   Zero   RW        20180    .bss.os_kernel_is_active.os_kernel_active  BUILD/RHOMBIO_L476DMW1K/ARM/mbed-os/rtos/TARGET_CORTEX/TOOLCHAIN_ARM_STD/mbed_boot_arm_std.o
    0x200036c1   0x00000003   PAD
    0x200036c4   0x00000018   Zero   RW        24097    .bss.serial_irq_ids  BUILD/RHOMBIO_L476DMW1K/ARM/mbed-os/targets/TARGET_STM/TARGET_STM32L4/serial_device.o
    0x200036dc   0x00000010   Zero   RW        20199    .bss.singleton_mutex_attr  BUILD/RHOMBIO_L476DMW1K/ARM/mbed-os/rtos/TARGET_CORTEX/mbed_rtos_rtx.o
    0x200036ec   0x00000004   Zero   RW        20204    .bss.singleton_mutex_id  BUILD/RHOMBIO_L476DMW1K/ARM/mbed-os/rtos/TARGET_CORTEX/mbed_rtos_rtx.o
    0x200036f0   0x0000001c   Zero   RW        20200    .bss.singleton_mutex_obj  BUILD/RHOMBIO_L476DMW1K/ARM/mbed-os/rtos/TARGET_CORTEX/mbed_rtos_rtx.o
    0x2000370c   0x00000004   PAD
    0x20003710   0x00000008   Zero   RW         3589    .bss.state.0        BUILD/RHOMBIO_L476DMW1K/ARM/mbed-os/features/frameworks/mbed-client-randlib/source/randLIB.o
    0x20003718   0x00000008   Zero   RW         3590    .bss.state.1        BUILD/RHOMBIO_L476DMW1K/ARM/mbed-os/features/frameworks/mbed-client-randlib/source/randLIB.o
    0x20003720   0x00000001   Zero   RW        19238    .bss.state_saved    BUILD/RHOMBIO_L476DMW1K/ARM/mbed-os/hal/mbed_critical_section_api.o
    0x20003721   0x00000003   PAD
    0x20003724   0x00000024   Zero   RW        24471    .bss.stdio_uart     BUILD/RHOMBIO_L476DMW1K/ARM/mbed-os/targets/TARGET_STM/serial_api.o
    0x20003748   0x00000004   Zero   RW        24469    .bss.stdio_uart_inited  BUILD/RHOMBIO_L476DMW1K/ARM/mbed-os/targets/TARGET_STM/serial_api.o
    0x2000374c   0x00000004   Zero   RW        20236    .bss.terminate_hook  BUILD/RHOMBIO_L476DMW1K/ARM/mbed-os/rtos/TARGET_CORTEX/mbed_rtx_handlers.o
    0x20003750   0x00000004   Zero   RW        24567    .bss.timer_ccr1_reg  BUILD/RHOMBIO_L476DMW1K/ARM/mbed-os/targets/TARGET_STM/us_ticker.o
    0x20003754   0x00000004   Zero   RW        24566    .bss.timer_cnt_reg  BUILD/RHOMBIO_L476DMW1K/ARM/mbed-os/targets/TARGET_STM/us_ticker.o
    0x20003758   0x00000004   Zero   RW        24568    .bss.timer_dier_reg  BUILD/RHOMBIO_L476DMW1K/ARM/mbed-os/targets/TARGET_STM/us_ticker.o
    0x2000375c   0x000002d0   Zero   RW        24099    .bss.uart_handlers  BUILD/RHOMBIO_L476DMW1K/ARM/mbed-os/targets/TARGET_STM/TARGET_STM32L4/serial_device.o
    0x20003a2c   0x00000001   Zero   RW        24538    .bss.users          BUILD/RHOMBIO_L476DMW1K/ARM/mbed-os/targets/TARGET_STM/trng_api.o


    Execution Region ARM_LIB_STACK (Base: 0x20017c00, Size: 0x00000400, Max: 0x00000400, ABSOLUTE)

    Base Addr    Size         Type   Attr      Idx    E Section Name        Object

    0x20017c00   0x00000400   Zero   RW            2    ARM_LIB_STACK.bss   anon$$obj.o


==============================================================================

Image component sizes


      Code (inc. data)   RO Data    RW Data    ZI Data      Debug   

     80878       3934       8468        372      15184        604   Object Totals
         0          0         32          0       1280          0   (incl. Generated)
       230          4          7          7         46          0   (incl. Padding)
     15792        608        570         16        348      11884   Library Totals
        20          0          6          0          0          0   (incl. Padding)

==============================================================================


      Code (inc. data)   RO Data    RW Data    ZI Data      Debug   

     96670       4542       9038        388      15532       5332   Grand Totals
     96670       4542       9038        120      15532       5332   ELF Image Totals (compressed)
     96670       4542       9038        120          0          0   ROM Totals

==============================================================================

    Total RO  Size (Code + RO Data)               105708 ( 103.23kB)
    Total RW  Size (RW Data + ZI Data)             15920 (  15.55kB)
    Total ROM Size (Code + RO Data + RW Data)     105828 ( 103.35kB)

==============================================================================

